Component: ARM Compiler 5.05 update 1 (build 106) Tool: armlink [4d0efa]

==============================================================================

Section Cross References

    main.o(i.main) refers to misc.o(i.NVIC_PriorityGroupConfig) for NVIC_PriorityGroupConfig
    main.o(i.main) refers to cpu.o(i.hal_CPUInit) for hal_CPUInit
    main.o(i.main) refers to os_system.o(i.OS_TaskInit) for OS_TaskInit
    main.o(i.main) refers to hal_timer.o(i.hal_timerInit) for hal_timerInit
    main.o(i.main) refers to hal_usart.o(i.hal_UsartInit) for hal_UsartInit
    main.o(i.main) refers to hal_led.o(i.hal_LedInit) for hal_LedInit
    main.o(i.main) refers to rfid_rc522.o(i.RC522_Init) for RC522_Init
    main.o(i.main) refers to printfa.o(i.__0printf) for __2printf
    main.o(i.main) refers to hal_motor.o(i.hal_MotorInit) for hal_MotorInit
    main.o(i.main) refers to cpu.o(i.SysDelay1ms) for SysDelay1ms
    main.o(i.main) refers to os_system.o(i.OS_Start) for OS_Start
    stm32f10x_it.o(i.DMA1_Channel7_IRQHandler) refers to stm32f10x_dma.o(i.DMA_GetITStatus) for DMA_GetITStatus
    stm32f10x_it.o(i.DMA1_Channel7_IRQHandler) refers to stm32f10x_dma.o(i.DMA_ClearITPendingBit) for DMA_ClearITPendingBit
    stm32f10x_it.o(i.TIM4_IRQHandler) refers to stm32f10x_tim.o(i.TIM_ClearFlag) for TIM_ClearFlag
    system_stm32f10x.o(i.SetSysClock) refers to system_stm32f10x.o(i.SetSysClockTo72) for SetSysClockTo72
    system_stm32f10x.o(i.SystemCoreClockUpdate) refers to system_stm32f10x.o(.data) for SystemCoreClock
    system_stm32f10x.o(i.SystemInit) refers to system_stm32f10x.o(i.SetSysClock) for SetSysClock
    cpu.o(i.SysDelay1ms) refers to cpu.o(.data) for SysDelayTime
    cpu.o(i.SysTick_Handler) refers to os_system.o(i.OS_ClockInterruptHandle) for OS_ClockInterruptHandle
    cpu.o(i.SysTick_Handler) refers to cpu.o(.data) for SysDelayTime
    cpu.o(i.hal_CPUInit) refers to cpu.o(i.hal_CoreClockInit) for hal_CoreClockInit
    cpu.o(i.hal_CPUInit) refers to os_system.o(i.OS_CPUInterruptCBSRegister) for OS_CPUInterruptCBSRegister
    cpu.o(i.hal_CPUInit) refers to cpu.o(i.hal_CPU_Critical_Control) for hal_CPU_Critical_Control
    cpu.o(i.hal_CPU_Critical_Control) refers to cpu.o(i.hal_getprimask) for hal_getprimask
    cpu.o(i.hal_CoreClockInit) refers to system_stm32f10x.o(.data) for SystemCoreClock
    hal_key.o(i.hal_KeyInit) refers to hal_key.o(i.hal_keyConfig) for hal_keyConfig
    hal_key.o(i.hal_KeyInit) refers to hal_key.o(.data) for KeyScanCBS
    hal_key.o(i.hal_KeyProc) refers to hal_key.o(.data) for getKeysState
    hal_key.o(i.hal_KeyScanCBSRegister) refers to hal_key.o(.data) for KeyScanCBS
    hal_key.o(i.hal_getKeyS1Sta) refers to stm32f10x_gpio.o(i.GPIO_ReadInputDataBit) for GPIO_ReadInputDataBit
    hal_key.o(i.hal_getKeyS2Sta) refers to stm32f10x_gpio.o(i.GPIO_ReadInputDataBit) for GPIO_ReadInputDataBit
    hal_key.o(i.hal_getKeyS3Sta) refers to stm32f10x_gpio.o(i.GPIO_ReadInputDataBit) for GPIO_ReadInputDataBit
    hal_key.o(i.hal_getKeyS4Sta) refers to stm32f10x_gpio.o(i.GPIO_ReadInputDataBit) for GPIO_ReadInputDataBit
    hal_key.o(i.hal_keyConfig) refers to stm32f10x_rcc.o(i.RCC_APB2PeriphClockCmd) for RCC_APB2PeriphClockCmd
    hal_key.o(i.hal_keyConfig) refers to stm32f10x_gpio.o(i.GPIO_Init) for GPIO_Init
    hal_key.o(.data) refers to hal_key.o(i.hal_getKeyS1Sta) for hal_getKeyS1Sta
    hal_key.o(.data) refers to hal_key.o(i.hal_getKeyS2Sta) for hal_getKeyS2Sta
    hal_key.o(.data) refers to hal_key.o(i.hal_getKeyS3Sta) for hal_getKeyS3Sta
    hal_key.o(.data) refers to hal_key.o(i.hal_getKeyS4Sta) for hal_getKeyS4Sta
    hal_led.o(i.hal_Led1Drive) refers to stm32f10x_gpio.o(i.GPIO_ResetBits) for GPIO_ResetBits
    hal_led.o(i.hal_Led1Drive) refers to stm32f10x_gpio.o(i.GPIO_SetBits) for GPIO_SetBits
    hal_led.o(i.hal_Led2Drive) refers to stm32f10x_gpio.o(i.GPIO_SetBits) for GPIO_SetBits
    hal_led.o(i.hal_Led2Drive) refers to stm32f10x_gpio.o(i.GPIO_ResetBits) for GPIO_ResetBits
    hal_led.o(i.hal_LedConfig) refers to stm32f10x_rcc.o(i.RCC_APB2PeriphClockCmd) for RCC_APB2PeriphClockCmd
    hal_led.o(i.hal_LedConfig) refers to stm32f10x_gpio.o(i.GPIO_Init) for GPIO_Init
    hal_led.o(i.hal_LedConfig) refers to stm32f10x_gpio.o(i.GPIO_ResetBits) for GPIO_ResetBits
    hal_led.o(i.hal_LedContorl) refers to hal_led.o(i.hal_Led2Drive) for hal_Led2Drive
    hal_led.o(i.hal_LedContorl) refers to hal_led.o(i.hal_Led1Drive) for hal_Led1Drive
    hal_led.o(i.hal_LedInit) refers to hal_led.o(i.hal_LedConfig) for hal_LedConfig
    hal_led.o(i.hal_LedInit) refers to hal_led.o(i.hal_LedContorl) for hal_LedContorl
    hal_led.o(.data) refers to hal_led.o(i.hal_Led1Drive) for hal_Led1Drive
    hal_led.o(.data) refers to hal_led.o(i.hal_Led2Drive) for hal_Led2Drive
    hal_timer.o(i.Delay) refers to hal_timer.o(.data) for TimingDelay
    hal_timer.o(i.Hal_TimerHandle) refers to hal_timer.o(.bss) for Stu_Timer
[...]
    Removing stm32f10x_pwr.o(i.PWR_BackupAccessCmd), (12 bytes).
    Removing stm32f10x_pwr.o(i.PWR_ClearFlag), (20 bytes).
    Removing stm32f10x_pwr.o(i.PWR_DeInit), (22 bytes).
    Removing stm32f10x_pwr.o(i.PWR_EnterSTANDBYMode), (52 bytes).
    Removing stm32f10x_pwr.o(i.PWR_EnterSTOPMode), (64 bytes).
    Removing stm32f10x_pwr.o(i.PWR_GetFlagStatus), (24 bytes).
    Removing stm32f10x_pwr.o(i.PWR_PVDCmd), (12 bytes).
    Removing stm32f10x_pwr.o(i.PWR_PVDLevelConfig), (24 bytes).
    Removing stm32f10x_pwr.o(i.PWR_WakeUpPinCmd), (12 bytes).
    Removing stm32f10x_rcc.o(i.RCC_ADCCLKConfig), (24 bytes).
    Removing stm32f10x_rcc.o(i.RCC_AHBPeriphClockCmd), (32 bytes).
    Removing stm32f10x_rcc.o(i.RCC_AdjustHSICalibrationValue), (24 bytes).
    Removing stm32f10x_rcc.o(i.RCC_BackupResetCmd), (12 bytes).
    Removing stm32f10x_rcc.o(i.RCC_ClearFlag), (20 bytes).
    Removing stm32f10x_rcc.o(i.RCC_ClearITPendingBit), (12 bytes).
    Removing stm32f10x_rcc.o(i.RCC_ClockSecuritySystemCmd), (12 bytes).
    Removing stm32f10x_rcc.o(i.RCC_DeInit), (76 bytes).
    Removing stm32f10x_rcc.o(i.RCC_GetFlagStatus), (60 bytes).
    Removing stm32f10x_rcc.o(i.RCC_GetITStatus), (24 bytes).
    Removing stm32f10x_rcc.o(i.RCC_GetSYSCLKSource), (16 bytes).
    Removing stm32f10x_rcc.o(i.RCC_HCLKConfig), (24 bytes).
    Removing stm32f10x_rcc.o(i.RCC_HSEConfig), (76 bytes).
    Removing stm32f10x_rcc.o(i.RCC_HSICmd), (12 bytes).
    Removing stm32f10x_rcc.o(i.RCC_ITConfig), (32 bytes).
    Removing stm32f10x_rcc.o(i.RCC_LSEConfig), (52 bytes).
    Removing stm32f10x_rcc.o(i.RCC_LSICmd), (12 bytes).
    Removing stm32f10x_rcc.o(i.RCC_MCOConfig), (12 bytes).
    Removing stm32f10x_rcc.o(i.RCC_PCLK1Config), (24 bytes).
    Removing stm32f10x_rcc.o(i.RCC_PCLK2Config), (24 bytes).
    Removing stm32f10x_rcc.o(i.RCC_PLLCmd), (12 bytes).
    Removing stm32f10x_rcc.o(i.RCC_PLLConfig), (28 bytes).
    Removing stm32f10x_rcc.o(i.RCC_RTCCLKCmd), (12 bytes).
    Removing stm32f10x_rcc.o(i.RCC_RTCCLKConfig), (16 bytes).
    Removing stm32f10x_rcc.o(i.RCC_SYSCLKConfig), (24 bytes).
    Removing stm32f10x_rcc.o(i.RCC_USBCLKConfig), (12 bytes).
    Removing stm32f10x_rcc.o(i.RCC_WaitForHSEStartUp), (56 bytes).
    Removing stm32f10x_rtc.o(i.RTC_ClearFlag), (16 bytes).
    Removing stm32f10x_rtc.o(i.RTC_ClearITPendingBit), (16 bytes).
    Removing stm32f10x_rtc.o(i.RTC_EnterConfigMode), (20 bytes).
    Removing stm32f10x_rtc.o(i.RTC_ExitConfigMode), (20 bytes).
    Removing stm32f10x_rtc.o(i.RTC_GetCounter), (20 bytes).
    Removing stm32f10x_rtc.o(i.RTC_GetDivider), (24 bytes).
    Removing stm32f10x_rtc.o(i.RTC_GetFlagStatus), (24 bytes).
    Removing stm32f10x_rtc.o(i.RTC_GetITStatus), (36 bytes).
    Removing stm32f10x_rtc.o(i.RTC_ITConfig), (32 bytes).
    Removing stm32f10x_rtc.o(i.RTC_SetAlarm), (28 bytes).
    Removing stm32f10x_rtc.o(i.RTC_SetCounter), (28 bytes).
    Removing stm32f10x_rtc.o(i.RTC_SetPrescaler), (32 bytes).
    Removing stm32f10x_rtc.o(i.RTC_WaitForLastTask), (20 bytes).
    Removing stm32f10x_rtc.o(i.RTC_WaitForSynchro), (36 bytes).
    Removing stm32f10x_sdio.o(i.SDIO_CEATAITCmd), (16 bytes).
    Removing stm32f10x_sdio.o(i.SDIO_ClearFlag), (12 bytes).
    Removing stm32f10x_sdio.o(i.SDIO_ClearITPendingBit), (12 bytes).
    Removing stm32f10x_sdio.o(i.SDIO_ClockCmd), (12 bytes).
    Removing stm32f10x_sdio.o(i.SDIO_CmdStructInit), (14 bytes).
    Removing stm32f10x_sdio.o(i.SDIO_CommandCompletionCmd), (12 bytes).
    Removing stm32f10x_sdio.o(i.SDIO_DMACmd), (12 bytes).
    Removing stm32f10x_sdio.o(i.SDIO_DataConfig), (48 bytes).
    Removing stm32f10x_sdio.o(i.SDIO_DataStructInit), (20 bytes).
    Removing stm32f10x_sdio.o(i.SDIO_DeInit), (36 bytes).
    Removing stm32f10x_sdio.o(i.SDIO_GetCommandResponse), (12 bytes).
    Removing stm32f10x_sdio.o(i.SDIO_GetDataCounter), (12 bytes).
    Removing stm32f10x_sdio.o(i.SDIO_GetFIFOCount), (12 bytes).
    Removing stm32f10x_sdio.o(i.SDIO_GetFlagStatus), (24 bytes).
    Removing stm32f10x_sdio.o(i.SDIO_GetITStatus), (24 bytes).
    Removing stm32f10x_sdio.o(i.SDIO_GetPowerState), (16 bytes).
    Removing stm32f10x_sdio.o(i.SDIO_GetResponse), (24 bytes).
    Removing stm32f10x_sdio.o(i.SDIO_ITConfig), (32 bytes).
    Removing stm32f10x_sdio.o(i.SDIO_Init), (48 bytes).
    Removing stm32f10x_sdio.o(i.SDIO_ReadData), (12 bytes).
    Removing stm32f10x_sdio.o(i.SDIO_SendCEATACmd), (12 bytes).
    Removing stm32f10x_sdio.o(i.SDIO_SendCommand), (44 bytes).
    Removing stm32f10x_sdio.o(i.SDIO_SendSDIOSuspendCmd), (12 bytes).
    Removing stm32f10x_sdio.o(i.SDIO_SetPowerState), (28 bytes).
    Removing stm32f10x_sdio.o(i.SDIO_SetSDIOOperation), (12 bytes).
    Removing stm32f10x_sdio.o(i.SDIO_SetSDIOReadWaitMode), (12 bytes).
    Removing stm32f10x_sdio.o(i.SDIO_StartSDIOReadWait), (12 bytes).
    Removing stm32f10x_sdio.o(i.SDIO_StopSDIOReadWait), (12 bytes).
    Removing stm32f10x_sdio.o(i.SDIO_StructInit), (16 bytes).
    Removing stm32f10x_sdio.o(i.SDIO_WriteData), (12 bytes).
    Removing stm32f10x_spi.o(i.I2S_Cmd), (24 bytes).
    Removing stm32f10x_spi.o(i.I2S_Init), (232 bytes).
    Removing stm32f10x_spi.o(i.I2S_StructInit), (20 bytes).
    Removing stm32f10x_spi.o(i.SPI_BiDirectionalLineConfig), (28 bytes).
    Removing stm32f10x_spi.o(i.SPI_CalculateCRC), (24 bytes).
    Removing stm32f10x_spi.o(i.SPI_Cmd), (24 bytes).
    Removing stm32f10x_spi.o(i.SPI_DataSizeConfig), (18 bytes).
    Removing stm32f10x_spi.o(i.SPI_GetCRC), (16 bytes).
    Removing stm32f10x_spi.o(i.SPI_GetCRCPolynomial), (6 bytes).
    Removing stm32f10x_spi.o(i.SPI_I2S_ClearFlag), (6 bytes).
    Removing stm32f10x_spi.o(i.SPI_I2S_ClearITPendingBit), (20 bytes).
    Removing stm32f10x_spi.o(i.SPI_I2S_DMACmd), (18 bytes).
    Removing stm32f10x_spi.o(i.SPI_I2S_DeInit), (88 bytes).
    Removing stm32f10x_spi.o(i.SPI_I2S_GetFlagStatus), (18 bytes).
    Removing stm32f10x_spi.o(i.SPI_I2S_GetITStatus), (52 bytes).
    Removing stm32f10x_spi.o(i.SPI_I2S_ITConfig), (32 bytes).
    Removing stm32f10x_spi.o(i.SPI_I2S_ReceiveData), (6 bytes).
    Removing stm32f10x_spi.o(i.SPI_I2S_SendData), (4 bytes).
    Removing stm32f10x_spi.o(i.SPI_Init), (60 bytes).
    Removing stm32f10x_spi.o(i.SPI_NSSInternalSoftwareConfig), (30 bytes).
    Removing stm32f10x_spi.o(i.SPI_SSOutputCmd), (24 bytes).
    Removing stm32f10x_spi.o(i.SPI_StructInit), (24 bytes).
    Removing stm32f10x_spi.o(i.SPI_TransmitCRC), (10 bytes).
    Removing stm32f10x_tim.o(i.TI1_Config), (128 bytes).
    Removing stm32f10x_tim.o(i.TI2_Config), (152 bytes).
    Removing stm32f10x_tim.o(i.TI3_Config), (144 bytes).
    Removing stm32f10x_tim.o(i.TI4_Config), (152 bytes).
    Removing stm32f10x_tim.o(i.TIM_ARRPreloadConfig), (24 bytes).
    Removing stm32f10x_tim.o(i.TIM_BDTRConfig), (32 bytes).
    Removing stm32f10x_tim.o(i.TIM_BDTRStructInit), (18 bytes).
    Removing stm32f10x_tim.o(i.TIM_CCPreloadControl), (24 bytes).
    Removing stm32f10x_tim.o(i.TIM_CCxCmd), (30 bytes).
    Removing stm32f10x_tim.o(i.TIM_CCxNCmd), (30 bytes).
    Removing stm32f10x_tim.o(i.TIM_ClearITPendingBit), (6 bytes).
    Removing stm32f10x_tim.o(i.TIM_ClearOC1Ref), (18 bytes).
    Removing stm32f10x_tim.o(i.TIM_ClearOC2Ref), (24 bytes).
    Removing stm32f10x_tim.o(i.TIM_ClearOC3Ref), (18 bytes).
    Removing stm32f10x_tim.o(i.TIM_ClearOC4Ref), (24 bytes).
    Removing stm32f10x_tim.o(i.TIM_CounterModeConfig), (18 bytes).
    Removing stm32f10x_tim.o(i.TIM_CtrlPWMOutputs), (30 bytes).
    Removing stm32f10x_tim.o(i.TIM_DMACmd), (18 bytes).
    Removing stm32f10x_tim.o(i.TIM_DMAConfig), (10 bytes).
    Removing stm32f10x_tim.o(i.TIM_ETRClockMode1Config), (54 bytes).
    Removing stm32f10x_tim.o(i.TIM_ETRClockMode2Config), (32 bytes).
    Removing stm32f10x_tim.o(i.TIM_ETRConfig), (28 bytes).
    Removing stm32f10x_tim.o(i.TIM_EncoderInterfaceConfig), (66 bytes).
    Removing stm32f10x_tim.o(i.TIM_ForcedOC1Config), (18 bytes).
    Removing stm32f10x_tim.o(i.TIM_ForcedOC2Config), (26 bytes).
    Removing stm32f10x_tim.o(i.TIM_ForcedOC3Config), (18 bytes).
    Removing stm32f10x_tim.o(i.TIM_ForcedOC4Config), (26 bytes).
    Removing stm32f10x_tim.o(i.TIM_GenerateEvent), (4 bytes).
    Removing stm32f10x_tim.o(i.TIM_GetCapture1), (6 bytes).
    Removing stm32f10x_tim.o(i.TIM_GetCapture2), (6 bytes).
    Removing stm32f10x_tim.o(i.TIM_GetCapture3), (6 bytes).
    Removing stm32f10x_tim.o(i.TIM_GetCapture4), (8 bytes).
    Removing stm32f10x_tim.o(i.TIM_GetCounter), (6 bytes).
    Removing stm32f10x_tim.o(i.TIM_GetFlagStatus), (18 bytes).
    Removing stm32f10x_tim.o(i.TIM_GetPrescaler), (6 bytes).
    Removing stm32f10x_tim.o(i.TIM_ICInit), (172 bytes).
    Removing stm32f10x_tim.o(i.TIM_ICStructInit), (18 bytes).
    Removing stm32f10x_tim.o(i.TIM_ITRxExternalClockConfig), (24 bytes).
    Removing stm32f10x_tim.o(i.TIM_InternalClockConfig), (12 bytes).
    Removing stm32f10x_tim.o(i.TIM_OC1FastConfig), (18 bytes).
    Removing stm32f10x_tim.o(i.TIM_OC1Init), (152 bytes).
    Removing stm32f10x_tim.o(i.TIM_OC1NPolarityConfig), (18 bytes).
    Removing stm32f10x_tim.o(i.TIM_OC1PolarityConfig), (18 bytes).
    Removing stm32f10x_tim.o(i.TIM_OC1PreloadConfig), (18 bytes).
    Removing stm32f10x_tim.o(i.TIM_OC2FastConfig), (26 bytes).
    Removing stm32f10x_tim.o(i.TIM_OC2Init), (164 bytes).
    Removing stm32f10x_tim.o(i.TIM_OC2NPolarityConfig), (26 bytes).
    Removing stm32f10x_tim.o(i.TIM_OC2PolarityConfig), (26 bytes).
    Removing stm32f10x_tim.o(i.TIM_OC2PreloadConfig), (26 bytes).
    Removing stm32f10x_tim.o(i.TIM_OC3FastConfig), (18 bytes).
    Removing stm32f10x_tim.o(i.TIM_OC3Init), (160 bytes).
    Removing stm32f10x_tim.o(i.TIM_OC3NPolarityConfig), (26 bytes).
    Removing stm32f10x_tim.o(i.TIM_OC3PolarityConfig), (26 bytes).
    Removing stm32f10x_tim.o(i.TIM_OC3PreloadConfig), (18 bytes).
    Removing stm32f10x_tim.o(i.TIM_OC4FastConfig), (26 bytes).
    Removing stm32f10x_tim.o(i.TIM_OC4Init), (124 bytes).
    Removing stm32f10x_tim.o(i.TIM_OC4PolarityConfig), (26 bytes).
    Removing stm32f10x_tim.o(i.TIM_OC4PreloadConfig), (26 bytes).
    Removing stm32f10x_tim.o(i.TIM_OCStructInit), (20 bytes).
    Removing stm32f10x_tim.o(i.TIM_PWMIConfig), (124 bytes).
    Removing stm32f10x_tim.o(i.TIM_PrescalerConfig), (6 bytes).
    Removing stm32f10x_tim.o(i.TIM_SelectCCDMA), (24 bytes).
    Removing stm32f10x_tim.o(i.TIM_SelectCOM), (24 bytes).
    Removing stm32f10x_tim.o(i.TIM_SelectHallSensor), (24 bytes).
    Removing stm32f10x_tim.o(i.TIM_SelectInputTrigger), (18 bytes).
    Removing stm32f10x_tim.o(i.TIM_SelectMasterSlaveMode), (18 bytes).
    Removing stm32f10x_tim.o(i.TIM_SelectOCxM), (82 bytes).
    Removing stm32f10x_tim.o(i.TIM_SelectOnePulseMode), (18 bytes).
    Removing stm32f10x_tim.o(i.TIM_SelectOutputTrigger), (18 bytes).
    Removing stm32f10x_tim.o(i.TIM_SelectSlaveMode), (18 bytes).
    Removing stm32f10x_tim.o(i.TIM_SetAutoreload), (4 bytes).
    Removing stm32f10x_tim.o(i.TIM_SetClockDivision), (18 bytes).
    Removing stm32f10x_tim.o(i.TIM_SetCompare1), (4 bytes).
    Removing stm32f10x_tim.o(i.TIM_SetCompare2), (4 bytes).
    Removing stm32f10x_tim.o(i.TIM_SetCompare3), (4 bytes).
    Removing stm32f10x_tim.o(i.TIM_SetCompare4), (6 bytes).
    Removing stm32f10x_tim.o(i.TIM_SetCounter), (4 bytes).
    Removing stm32f10x_tim.o(i.TIM_SetIC1Prescaler), (18 bytes).
    Removing stm32f10x_tim.o(i.TIM_SetIC2Prescaler), (26 bytes).
    Removing stm32f10x_tim.o(i.TIM_SetIC3Prescaler), (18 bytes).
    Removing stm32f10x_tim.o(i.TIM_SetIC4Prescaler), (26 bytes).
    Removing stm32f10x_tim.o(i.TIM_TIxExternalClockConfig), (62 bytes).
    Removing stm32f10x_tim.o(i.TIM_TimeBaseStructInit), (18 bytes).
    Removing stm32f10x_tim.o(i.TIM_UpdateDisableConfig), (24 bytes).
    Removing stm32f10x_tim.o(i.TIM_UpdateRequestConfig), (24 bytes).
    Removing stm32f10x_usart.o(i.USART_ClearFlag), (18 bytes).
    Removing stm32f10x_usart.o(i.USART_ClockInit), (34 bytes).
    Removing stm32f10x_usart.o(i.USART_ClockStructInit), (12 bytes).
    Removing stm32f10x_usart.o(i.USART_DMACmd), (18 bytes).
    Removing stm32f10x_usart.o(i.USART_DeInit), (156 bytes).
    Removing stm32f10x_usart.o(i.USART_HalfDuplexCmd), (24 bytes).
    Removing stm32f10x_usart.o(i.USART_IrDACmd), (24 bytes).
    Removing stm32f10x_usart.o(i.USART_IrDAConfig), (18 bytes).
    Removing stm32f10x_usart.o(i.USART_LINBreakDetectLengthConfig), (18 bytes).
    Removing stm32f10x_usart.o(i.USART_LINCmd), (24 bytes).
    Removing stm32f10x_usart.o(i.USART_OneBitMethodCmd), (24 bytes).
    Removing stm32f10x_usart.o(i.USART_OverSampling8Cmd), (22 bytes).
    Removing stm32f10x_usart.o(i.USART_ReceiverWakeUpCmd), (24 bytes).
    Removing stm32f10x_usart.o(i.USART_SendBreak), (10 bytes).
    Removing stm32f10x_usart.o(i.USART_SetAddress), (18 bytes).
    Removing stm32f10x_usart.o(i.USART_SetGuardTime), (16 bytes).
    Removing stm32f10x_usart.o(i.USART_SetPrescaler), (16 bytes).
    Removing stm32f10x_usart.o(i.USART_SmartCardCmd), (24 bytes).
    Removing stm32f10x_usart.o(i.USART_SmartCardNACKCmd), (24 bytes).
    Removing stm32f10x_usart.o(i.USART_StructInit), (24 bytes).
    Removing stm32f10x_usart.o(i.USART_WakeUpConfig), (18 bytes).
    Removing stm32f10x_wwdg.o(i.WWDG_ClearFlag), (12 bytes).
    Removing stm32f10x_wwdg.o(i.WWDG_DeInit), (22 bytes).
    Removing stm32f10x_wwdg.o(i.WWDG_Enable), (16 bytes).
    Removing stm32f10x_wwdg.o(i.WWDG_EnableIT), (12 bytes).
    Removing stm32f10x_wwdg.o(i.WWDG_GetFlagStatus), (12 bytes).
    Removing stm32f10x_wwdg.o(i.WWDG_SetCounter), (16 bytes).
    Removing stm32f10x_wwdg.o(i.WWDG_SetPrescaler), (24 bytes).
    Removing stm32f10x_wwdg.o(i.WWDG_SetWindowValue), (40 bytes).
    Removing startup_stm32f10x_md.o(HEAP), (512 bytes).
    Removing os_system.o(i.OS_CreatTask), (68 bytes).
    Removing os_system.o(i.OS_TaskGetUp), (60 bytes).
    Removing os_system.o(i.OS_TaskSleep), (60 bytes).
    Removing oled.o(i.OLED_Clear), (64 bytes).
    Removing oled.o(i.OLED_Display_Off), (28 bytes).
    Removing oled.o(i.OLED_Display_On), (28 bytes).
    Removing oled.o(i.OLED_DrawBMP), (118 bytes).
    Removing oled.o(i.OLED_Init), (336 bytes).
    Removing oled.o(i.OLED_Set_Pos), (42 bytes).
    Removing oled.o(i.OLED_ShowBin), (80 bytes).
    Removing oled.o(i.OLED_ShowCHinese), (104 bytes).
    Removing oled.o(i.OLED_ShowChar), (288 bytes).
    Removing oled.o(i.OLED_ShowFNum), (64 bytes).
    Removing oled.o(i.OLED_ShowNum), (132 bytes).
    Removing oled.o(i.OLED_ShowString), (54 bytes).
    Removing oled.o(i.OLED_WR_Byte), (120 bytes).
    Removing oled.o(i.oled_pow), (22 bytes).
    Removing oled.o(.constdata), (20312 bytes).
    Removing oled.o(.data), (448 bytes).
    Removing f2d.o(.text), (38 bytes).

487 unused section(s) (total 41972 bytes) removed from the image.

==============================================================================

Image Symbol Table

    Local Symbols

    Symbol Name                              Value     Ov Type        Size  Object(Section)

    ../clib/microlib/division.c              0x00000000   Number         0  uidiv.o ABSOLUTE
    ../clib/microlib/division.c              0x00000000   Number         0  uldiv.o ABSOLUTE
    ../clib/microlib/init/entry.s            0x00000000   Number         0  entry.o ABSOLUTE
    ../clib/microlib/init/entry.s            0x00000000   Number         0  entry9a.o ABSOLUTE
    ../clib/microlib/init/entry.s            0x00000000   Number         0  entry9b.o ABSOLUTE
    ../clib/microlib/init/entry.s            0x00000000   Number         0  entry10a.o ABSOLUTE
    ../clib/microlib/init/entry.s            0x00000000   Number         0  entry7a.o ABSOLUTE
    ../clib/microlib/init/entry.s            0x00000000   Number         0  entry8a.o ABSOLUTE
    ../clib/microlib/init/entry.s            0x00000000   Number         0  entry5.o ABSOLUTE
    ../clib/microlib/init/entry.s            0x00000000   Number         0  entry10b.o ABSOLUTE
    ../clib/microlib/init/entry.s            0x00000000   Number         0  entry2.o ABSOLUTE
    ../clib/microlib/init/entry.s            0x00000000   Number         0  entry11b.o ABSOLUTE
    ../clib/microlib/init/entry.s            0x00000000   Number         0  entry11a.o ABSOLUTE
    ../clib/microlib/init/entry.s            0x00000000   Number         0  entry7b.o ABSOLUTE
    ../clib/microlib/init/entry.s            0x00000000   Number         0  entry8b.o ABSOLUTE
    ../clib/microlib/longlong.c              0x00000000   Number         0  llushr.o ABSOLUTE
    ../clib/microlib/longlong.c              0x00000000   Number         0  llsshr.o ABSOLUTE
    ../clib/microlib/longlong.c              0x00000000   Number         0  llshl.o ABSOLUTE
    ../clib/microlib/printf/printf.c         0x00000000   Number         0  printf2.o ABSOLUTE
    ../clib/microlib/printf/printf.c         0x00000000   Number         0  printf3.o ABSOLUTE
    ../clib/microlib/printf/printf.c         0x00000000   Number         0  printf4.o ABSOLUTE
    ../clib/microlib/printf/printf.c         0x00000000   Number         0  printf5.o ABSOLUTE
    ../clib/microlib/printf/printf.c         0x00000000   Number         0  printfb.o ABSOLUTE
    ../clib/microlib/printf/printf.c         0x00000000   Number         0  printf6.o ABSOLUTE
    ../clib/microlib/printf/printf.c         0x00000000   Number         0  printf7.o ABSOLUTE
    ../clib/microlib/printf/printf.c         0x00000000   Number         0  printf8.o ABSOLUTE
    ../clib/microlib/printf/printf.c         0x00000000   Number         0  printfa.o ABSOLUTE
    ../clib/microlib/printf/printf.c         0x00000000   Number         0  printf0.o ABSOLUTE
    ../clib/microlib/printf/printf.c         0x00000000   Number         0  printf1.o ABSOLUTE
    ../clib/microlib/printf/stubs.s          0x00000000   Number         0  stubs.o ABSOLUTE
    ../clib/microlib/stdio/streams.c         0x00000000   Number         0  stdout.o ABSOLUTE
    ../clib/microlib/string/memset.c         0x00000000   Number         0  memseta.o ABSOLUTE
    ../clib/microlib/stubs.s                 0x00000000   Number         0  iusefp.o ABSOLUTE
    ../fplib/microlib/f2d.c                  0x00000000   Number         0  f2d.o ABSOLUTE
    ../fplib/microlib/fpadd.c                0x00000000   Number         0  dadd.o ABSOLUTE
    ../fplib/microlib/fpdiv.c                0x00000000   Number         0  ddiv.o ABSOLUTE
    ../fplib/microlib/fpepilogue.c           0x00000000   Number         0  depilogue.o ABSOLUTE
    ../fplib/microlib/fpfix.c                0x00000000   Number         0  dfixul.o ABSOLUTE
    ../fplib/microlib/fpfix.c                0x00000000   Number         0  dfixui.o ABSOLUTE
    ../fplib/microlib/fpflt.c                0x00000000   Number         0  dfltui.o ABSOLUTE
    ../fplib/microlib/fpmul.c                0x00000000   Number         0  dmul.o ABSOLUTE
    ..\App\app.c                             0x00000000   Number         0  app.o ABSOLUTE
    ..\CORE\core_cm3.c                       0x00000000   Number         0  core_cm3.o ABSOLUTE
    ..\Hal\CPU.c                             0x00000000   Number         0  cpu.o ABSOLUTE
    ..\Hal\RFID_RC522.c                      0x00000000   Number         0  rfid_rc522.o ABSOLUTE
    ..\Hal\hal_Motor.c                       0x00000000   Number         0  hal_motor.o ABSOLUTE
    ..\Hal\hal_key.c                         0x00000000   Number         0  hal_key.o ABSOLUTE
    ..\Hal\hal_led.c                         0x00000000   Number         0  hal_led.o ABSOLUTE
    ..\Hal\hal_timer.c                       0x00000000   Number         0  hal_timer.o ABSOLUTE
    ..\Hal\hal_usart.c                       0x00000000   Number         0  hal_usart.o ABSOLUTE
    ..\Libraries\src\misc.c                  0x00000000   Number         0  misc.o ABSOLUTE
    ..\Libraries\src\stm32f10x_adc.c         0x00000000   Number         0  stm32f10x_adc.o ABSOLUTE
    ..\Libraries\src\stm32f10x_bkp.c         0x00000000   Number         0  stm32f10x_bkp.o ABSOLUTE
    ..\Libraries\src\stm32f10x_can.c         0x00000000   Number         0  stm32f10x_can.o ABSOLUTE
    ..\Libraries\src\stm32f10x_cec.c         0x00000000   Number         0  stm32f10x_cec.o ABSOLUTE
    ..\Libraries\src\stm32f10x_crc.c         0x00000000   Number         0  stm32f10x_crc.o ABSOLUTE
    ..\Libraries\src\stm32f10x_dac.c         0x00000000   Number         0  stm32f10x_dac.o ABSOLUTE
    ..\Libraries\src\stm32f10x_dbgmcu.c      0x00000000   Number         0  stm32f10x_dbgmcu.o ABSOLUTE
    ..\Libraries\src\stm32f10x_dma.c         0x00000000   Number         0  stm32f10x_dma.o ABSOLUTE
    ..\Libraries\src\stm32f10x_exti.c        0x00000000   Number         0  stm32f10x_exti.o ABSOLUTE
    ..\Libraries\src\stm32f10x_flash.c       0x00000000   Number         0  stm32f10x_flash.o ABSOLUTE
    ..\Libraries\src\stm32f10x_fsmc.c        0x00000000   Number         0  stm32f10x_fsmc.o ABSOLUTE
    ..\Libraries\src\stm32f10x_gpio.c        0x00000000   Number         0  stm32f10x_gpio.o ABSOLUTE
    ..\Libraries\src\stm32f10x_i2c.c         0x00000000   Number         0  stm32f10x_i2c.o ABSOLUTE
    ..\Libraries\src\stm32f10x_iwdg.c        0x00000000   Number         0  stm32f10x_iwdg.o ABSOLUTE
    ..\Libraries\src\stm32f10x_pwr.c         0x00000000   Number         0  stm32f10x_pwr.o ABSOLUTE
    ..\Libraries\src\stm32f10x_rcc.c         0x00000000   Number         0  stm32f10x_rcc.o ABSOLUTE
    ..\Libraries\src\stm32f10x_rtc.c         0x00000000   Number         0  stm32f10x_rtc.o ABSOLUTE
    ..\Libraries\src\stm32f10x_sdio.c        0x00000000   Number         0  stm32f10x_sdio.o ABSOLUTE
    ..\Libraries\src\stm32f10x_spi.c         0x00000000   Number         0  stm32f10x_spi.o ABSOLUTE
    ..\Libraries\src\stm32f10x_tim.c         0x00000000   Number         0  stm32f10x_tim.o ABSOLUTE
    ..\Libraries\src\stm32f10x_usart.c       0x00000000   Number         0  stm32f10x_usart.o ABSOLUTE
    ..\Libraries\src\stm32f10x_wwdg.c        0x00000000   Number         0  stm32f10x_wwdg.o ABSOLUTE
    ..\OLED\oled.c                           0x00000000   Number         0  oled.o ABSOLUTE
    ..\OS\OS_System.c                        0x00000000   Number         0  os_system.o ABSOLUTE
    ..\Startup\startup_stm32f10x_md.s        0x00000000   Number         0  startup_stm32f10x_md.o ABSOLUTE
    ..\User\main.c                           0x00000000   Number         0  main.o ABSOLUTE
    ..\User\stm32f10x_it.c                   0x00000000   Number         0  stm32f10x_it.o ABSOLUTE
    ..\User\system_stm32f10x.c               0x00000000   Number         0  system_stm32f10x.o ABSOLUTE
    ..\\CORE\\core_cm3.c                     0x00000000   Number         0  core_cm3.o ABSOLUTE
    cdrcmple.s                               0x00000000   Number         0  cdrcmple.o ABSOLUTE
    dc.s                                     0x00000000   Number         0  dc.o ABSOLUTE
    handlers.s                               0x00000000   Number         0  handlers.o ABSOLUTE
    init.s                                   0x00000000   Number         0  init.o ABSOLUTE
    RESET                                    0x08000000   Section      236  startup_stm32f10x_md.o(RESET)
    .ARM.Collect$$$$00000000                 0x080000ec   Section        0  entry.o(.ARM.Collect$$$$00000000)
    .ARM.Collect$$$$00000001                 0x080000ec   Section        4  entry2.o(.ARM.Collect$$$$00000001)
    .ARM.Collect$$$$00000004                 0x080000f0   Section        4  entry5.o(.ARM.Collect$$$$00000004)
    .ARM.Collect$$$$00000008                 0x080000f4   Section        0  entry7b.o(.ARM.Collect$$$$00000008)
    .ARM.Collect$$$$0000000A                 0x080000f4   Section        0  entry8b.o(.ARM.Collect$$$$0000000A)
    .ARM.Collect$$$$0000000B                 0x080000f4   Section        8  entry9a.o(.ARM.Collect$$$$0000000B)
    .ARM.Collect$$$$0000000D                 0x080000fc   Section        0  entry10a.o(.ARM.Collect$$$$0000000D)
    .ARM.Collect$$$$0000000F                 0x080000fc   Section        0  entry11a.o(.ARM.Collect$$$$0000000F)
    .ARM.Collect$$$$00002712                 0x080000fc   Section        4  entry2.o(.ARM.Collect$$$$00002712)
    __lit__00000000                          0x080000fc   Data           4  entry2.o(.ARM.Collect$$$$00002712)
    .text                                    0x08000100   Section       36  startup_stm32f10x_md.o(.text)
    .text                                    0x08000124   Section        0  dmul.o(.text)
    .text                                    0x08000208   Section        0  dfltui.o(.text)
    .text                                    0x08000222   Section        0  dfixui.o(.text)
    .text                                    0x08000254   Section        0  uidiv.o(.text)
    .text                                    0x08000280   Section        0  uldiv.o(.text)
    .text                                    0x080002e2   Section        0  llushr.o(.text)
    .text                                    0x08000302   Section        0  iusefp.o(.text)
    .text                                    0x08000302   Section        0  depilogue.o(.text)
    .text                                    0x080003bc   Section        0  dadd.o(.text)
    .text                                    0x0800050a   Section        0  ddiv.o(.text)
    .text                                    0x080005e8   Section        0  dfixul.o(.text)
    .text                                    0x08000618   Section       48  cdrcmple.o(.text)
    .text                                    0x08000648   Section       36  init.o(.text)
    .text                                    0x0800066c   Section        0  llshl.o(.text)
    .text                                    0x0800068a   Section        0  llsshr.o(.text)
    i.BusFault_Handler                       0x080006ae   Section        0  stm32f10x_it.o(i.BusFault_Handler)
    i.DMA1_Channel7_IRQHandler               0x080006b2   Section        0  stm32f10x_it.o(i.DMA1_Channel7_IRQHandler)
    i.DMA_ClearITPendingBit                  0x080006c8   Section        0  stm32f10x_dma.o(i.DMA_ClearITPendingBit)
    i.DMA_GetITStatus                        0x080006e4   Section        0  stm32f10x_dma.o(i.DMA_GetITStatus)
    i.DebugMon_Handler                       0x08000710   Section        0  stm32f10x_it.o(i.DebugMon_Handler)
    i.GPIO_Init                              0x08000712   Section        0  stm32f10x_gpio.o(i.GPIO_Init)
    i.GPIO_PinRemapConfig                    0x08000828   Section        0  stm32f10x_gpio.o(i.GPIO_PinRemapConfig)
    i.GPIO_ReadInputDataBit                  0x080008b8   Section        0  stm32f10x_gpio.o(i.GPIO_ReadInputDataBit)
    i.GPIO_ResetBits                         0x080008ca   Section        0  stm32f10x_gpio.o(i.GPIO_ResetBits)
    i.GPIO_SetBits                           0x080008ce   Section        0  stm32f10x_gpio.o(i.GPIO_SetBits)
    i.Get_SX                                 0x080008d4   Section        0  hal_motor.o(i.Get_SX)
    i.Get_TSX                                0x08000924   Section        0  hal_motor.o(i.Get_TSX)
    i.HC_SR501_Config                        0x08000974   Section        0  hal_motor.o(i.HC_SR501_Config)
    HC_SR501_Config                          0x08000975   Thumb Code    50  hal_motor.o(i.HC_SR501_Config)
    i.Hal_TimerHandle                        0x080009ac   Section        0  hal_timer.o(i.Hal_TimerHandle)
    Hal_TimerHandle                          0x080009ad   Thumb Code   136  hal_timer.o(i.Hal_TimerHandle)
    i.HardFault_Handler                      0x08000a38   Section        0  stm32f10x_it.o(i.HardFault_Handler)
    i.L_Motor_Stop                           0x08000a3c   Section        0  hal_motor.o(i.L_Motor_Stop)
    i.M500PcdConfigISOType                   0x08000a6c   Section        0  rfid_rc522.o(i.M500PcdConfigISOType)
    i.MemManage_Handler                      0x08000aca   Section        0  stm32f10x_it.o(i.MemManage_Handler)
    i.Motor_Config                           0x08000ad0   Section        0  hal_motor.o(i.Motor_Config)
    Motor_Config                             0x08000ad1   Thumb Code   104  hal_motor.o(i.Motor_Config)
    i.Motor_Drive1                           0x08000b44   Section        0  hal_motor.o(i.Motor_Drive1)
    i.Motor_Drive3                           0x08000cbc   Section        0  hal_motor.o(i.Motor_Drive3)
    i.Motor_Drive4                           0x08000e2c   Section        0  hal_motor.o(i.Motor_Drive4)
    i.NMI_Handler                            0x08000fa4   Section        0  stm32f10x_it.o(i.NMI_Handler)
    i.NVIC_Init                              0x08000fa8   Section        0  misc.o(i.NVIC_Init)
    i.NVIC_PriorityGroupConfig               0x08001018   Section        0  misc.o(i.NVIC_PriorityGroupConfig)
    i.OS_CPUInterruptCBSRegister             0x0800102c   Section        0  os_system.o(i.OS_CPUInterruptCBSRegister)
    i.OS_ClockInterruptHandle                0x0800103c   Section        0  os_system.o(i.OS_ClockInterruptHandle)
    i.OS_Start                               0x080010a4   Section        0  os_system.o(i.OS_Start)
    i.OS_TaskInit                            0x080010e4   Section        0  os_system.o(i.OS_TaskInit)
    i.PendSV_Handler                         0x08001120   Section        0  stm32f10x_it.o(i.PendSV_Handler)
    i.RC522_CalulateCRC                      0x08001122   Section        0  rfid_rc522.o(i.RC522_CalulateCRC)
    i.RC522_ClearBitMask                     0x0800118e   Section        0  rfid_rc522.o(i.RC522_ClearBitMask)
    i.RC522_Delay                            0x080011aa   Section        0  rfid_rc522.o(i.RC522_Delay)
    i.RC522_IO_Init                          0x080011bc   Section        0  rfid_rc522.o(i.RC522_IO_Init)
    i.RC522_Init                             0x08001220   Section        0  rfid_rc522.o(i.RC522_Init)
    i.RC522_PcdAntennaOff                    0x08001240   Section        0  rfid_rc522.o(i.RC522_PcdAntennaOff)
    i.RC522_PcdAntennaOn                     0x0800124c   Section        0  rfid_rc522.o(i.RC522_PcdAntennaOn)
    i.RC522_PcdAnticoll                      0x08001266   Section        0  rfid_rc522.o(i.RC522_PcdAnticoll)
    i.RC522_PcdAuthState                     0x080012d6   Section        0  rfid_rc522.o(i.RC522_PcdAuthState)
    i.RC522_PcdComMF522                      0x0800132c   Section        0  rfid_rc522.o(i.RC522_PcdComMF522)
    i.RC522_PcdRead                          0x0800146a   Section        0  rfid_rc522.o(i.RC522_PcdRead)
    i.RC522_PcdRequest                       0x080014c0   Section        0  rfid_rc522.o(i.RC522_PcdRequest)
    i.RC522_PcdReset                         0x08001518   Section        0  rfid_rc522.o(i.RC522_PcdReset)
    i.RC522_PcdSelect                        0x08001594   Section        0  rfid_rc522.o(i.RC522_PcdSelect)
    i.RC522_ReadRawRC                        0x08001608   Section        0  rfid_rc522.o(i.RC522_ReadRawRC)
    i.RC522_SPI_ReadWriteOneByte             0x08001640   Section        0  rfid_rc522.o(i.RC522_SPI_ReadWriteOneByte)
    i.RC522_SetBitMask                       0x08001694   Section        0  rfid_rc522.o(i.RC522_SetBitMask)
    i.RC522_WriteRawRC                       0x080016b0   Section        0  rfid_rc522.o(i.RC522_WriteRawRC)
    i.RCC_APB1PeriphClockCmd                 0x080016e0   Section        0  stm32f10x_rcc.o(i.RCC_APB1PeriphClockCmd)
    i.RCC_APB1PeriphResetCmd                 0x08001700   Section        0  stm32f10x_rcc.o(i.RCC_APB1PeriphResetCmd)
    i.RCC_APB2PeriphClockCmd                 0x08001720   Section        0  stm32f10x_rcc.o(i.RCC_APB2PeriphClockCmd)
    i.RCC_APB2PeriphResetCmd                 0x08001740   Section        0  stm32f10x_rcc.o(i.RCC_APB2PeriphResetCmd)
    i.RCC_GetClocksFreq                      0x08001760   Section        0  stm32f10x_rcc.o(i.RCC_GetClocksFreq)
    i.R_Motor_Stop                           0x08001834   Section        0  hal_motor.o(i.R_Motor_Stop)
    i.Read165                                0x08001860   Section        0  hal_motor.o(i.Read165)
    i.SVC_Handler                            0x080018c0   Section        0  stm32f10x_it.o(i.SVC_Handler)
    i.S_165_Config                           0x080018c4   Section        0  hal_motor.o(i.S_165_Config)
    S_165_Config                             0x080018c5   Thumb Code    78  hal_motor.o(i.S_165_Config)
    i.S_QueueDataIn                          0x08001918   Section        0  os_system.o(i.S_QueueDataIn)
    i.S_QueueDataLen                         0x08001994   Section        0  os_system.o(i.S_QueueDataLen)
    i.S_QueueDataOut                         0x080019c4   Section        0  os_system.o(i.S_QueueDataOut)
    i.S_QueueEmpty                           0x08001a2c   Section        0  os_system.o(i.S_QueueEmpty)
    i.SetSysClock                            0x08001a32   Section        0  system_stm32f10x.o(i.SetSysClock)
    SetSysClock                              0x08001a33   Thumb Code     8  system_stm32f10x.o(i.SetSysClock)
    i.SetSysClockTo72                        0x08001a3c   Section        0  system_stm32f10x.o(i.SetSysClockTo72)
    SetSysClockTo72                          0x08001a3d   Thumb Code   214  system_stm32f10x.o(i.SetSysClockTo72)
    i.SysDelay1ms                            0x08001b1c   Section        0  cpu.o(i.SysDelay1ms)
    i.SysTick_Handler                        0x08001b30   Section        0  cpu.o(i.SysTick_Handler)
    i.SystemInit                             0x08001b4c   Section        0  system_stm32f10x.o(i.SystemInit)
    i.TIM3_IRQHandler                        0x08001bac   Section        0  hal_timer.o(i.TIM3_IRQHandler)
    i.TIM4_IRQHandler                        0x08001be0   Section        0  stm32f10x_it.o(i.TIM4_IRQHandler)
    i.TIM_ClearFlag                          0x08001bf0   Section        0  stm32f10x_tim.o(i.TIM_ClearFlag)
    i.TIM_Cmd                                0x08001bf6   Section        0  stm32f10x_tim.o(i.TIM_Cmd)
    i.TIM_DeInit                             0x08001c10   Section        0  stm32f10x_tim.o(i.TIM_DeInit)
    i.TIM_GetITStatus                        0x08001df8   Section        0  stm32f10x_tim.o(i.TIM_GetITStatus)
    i.TIM_ITConfig                           0x08001e1a   Section        0  stm32f10x_tim.o(i.TIM_ITConfig)
    i.TIM_TimeBaseInit                       0x08001e2c   Section        0  stm32f10x_tim.o(i.TIM_TimeBaseInit)
    i.USART1_IRQHandler                      0x08001ed0   Section        0  stm32f10x_it.o(i.USART1_IRQHandler)
    i.USART2_IRQHandler                      0x08001ed4   Section        0  hal_usart.o(i.USART2_IRQHandler)
    i.USART_ClearITPendingBit                0x08001f5c   Section        0  stm32f10x_usart.o(i.USART_ClearITPendingBit)
    i.USART_Cmd                              0x08001f7a   Section        0  stm32f10x_usart.o(i.USART_Cmd)
    i.USART_GetFlagStatus                    0x08001f92   Section        0  stm32f10x_usart.o(i.USART_GetFlagStatus)
    i.USART_GetITStatus                      0x08001fac   Section        0  stm32f10x_usart.o(i.USART_GetITStatus)
    i.USART_ITConfig                         0x08002000   Section        0  stm32f10x_usart.o(i.USART_ITConfig)
    i.USART_Init                             0x0800204c   Section        0  stm32f10x_usart.o(i.USART_Init)
    i.USART_ReceiveData                      0x08002124   Section        0  stm32f10x_usart.o(i.USART_ReceiveData)
    i.USART_SendData                         0x0800212e   Section        0  stm32f10x_usart.o(i.USART_SendData)
    i.UsageFault_Handler                     0x08002136   Section        0  stm32f10x_it.o(i.UsageFault_Handler)
    i.__0printf                              0x0800213c   Section        0  printfa.o(i.__0printf)
    i.__scatterload_copy                     0x0800215c   Section       14  handlers.o(i.__scatterload_copy)
    i.__scatterload_null                     0x0800216a   Section        2  handlers.o(i.__scatterload_null)
    i.__scatterload_zeroinit                 0x0800216c   Section       14  handlers.o(i.__scatterload_zeroinit)
    i._fp_digits                             0x0800217c   Section        0  printfa.o(i._fp_digits)
    _fp_digits                               0x0800217d   Thumb Code   334  printfa.o(i._fp_digits)
    i._printf_core                           0x080022e0   Section        0  printfa.o(i._printf_core)
    _printf_core                             0x080022e1   Thumb Code  1744  printfa.o(i._printf_core)
    i._printf_post_padding                   0x080029bc   Section        0  printfa.o(i._printf_post_padding)
    _printf_post_padding                     0x080029bd   Thumb Code    36  printfa.o(i._printf_post_padding)
    i._printf_pre_padding                    0x080029e0   Section        0  printfa.o(i._printf_pre_padding)
    _printf_pre_padding                      0x080029e1   Thumb Code    46  printfa.o(i._printf_pre_padding)
    i.fputc                                  0x08002a10   Section        0  hal_usart.o(i.fputc)
    i.hal_Avoiding_Proc                      0x08002a34   Section        0  hal_motor.o(i.hal_Avoiding_Proc)
    i.hal_CPUInit                            0x0800307c   Section        0  cpu.o(i.hal_CPUInit)
    i.hal_CPU_Critical_Control               0x08003090   Section        0  cpu.o(i.hal_CPU_Critical_Control)
    i.hal_CoreClockInit                      0x080030b4   Section        0  cpu.o(i.hal_CoreClockInit)
    hal_CoreClockInit                        0x080030b5   Thumb Code    84  cpu.o(i.hal_CoreClockInit)
    i.hal_IdentifyProc                       0x08003114   Section        0  hal_motor.o(i.hal_IdentifyProc)
    i.hal_Led1Drive                          0x0800316c   Section        0  hal_led.o(i.hal_Led1Drive)
    hal_Led1Drive                            0x0800316d   Thumb Code    30  hal_led.o(i.hal_Led1Drive)
    i.hal_Led2Drive                          0x08003190   Section        0  hal_led.o(i.hal_Led2Drive)
    hal_Led2Drive                            0x08003191   Thumb Code    30  hal_led.o(i.hal_Led2Drive)
    i.hal_LedConfig                          0x080031b4   Section        0  hal_led.o(i.hal_LedConfig)
    hal_LedConfig                            0x080031b5   Thumb Code    88  hal_led.o(i.hal_LedConfig)
    i.hal_LedContorl                         0x08003214   Section        0  hal_led.o(i.hal_LedContorl)
    i.hal_LedInit                            0x0800322c   Section        0  hal_led.o(i.hal_LedInit)
    i.hal_MotorInit                          0x08003244   Section        0  hal_motor.o(i.hal_MotorInit)
    i.hal_MotorProc                          0x08003254   Section        0  hal_motor.o(i.hal_MotorProc)
    i.hal_RC522Proc                          0x08003310   Section        0  rfid_rc522.o(i.hal_RC522Proc)
    i.hal_Tracking_Proc                      0x08003390   Section        0  hal_motor.o(i.hal_Tracking_Proc)
    i.hal_UsartInit                          0x08003534   Section        0  hal_usart.o(i.hal_UsartInit)
    i.hal_Usart_SendByte                     0x0800356c   Section        0  hal_usart.o(i.hal_Usart_SendByte)
    i.hal_getHC_SR501_Sta                    0x08003580   Section        0  hal_motor.o(i.hal_getHC_SR501_Sta)
    hal_getHC_SR501_Sta                      0x08003581   Thumb Code    14  hal_motor.o(i.hal_getHC_SR501_Sta)
    i.hal_getprimask                         0x08003594   Section        0  cpu.o(i.hal_getprimask)
    hal_getprimask                           0x08003595   Thumb Code    16  cpu.o(i.hal_getprimask)
    i.hal_timer3Config                       0x080035a4   Section        0  hal_timer.o(i.hal_timer3Config)
    hal_timer3Config                         0x080035a5   Thumb Code   120  hal_timer.o(i.hal_timer3Config)
    i.hal_timerInit                          0x08003628   Section        0  hal_timer.o(i.hal_timerInit)
    i.hal_usart_Config                       0x0800366c   Section        0  hal_usart.o(i.hal_usart_Config)
    hal_usart_Config                         0x0800366d   Thumb Code   176  hal_usart.o(i.hal_usart_Config)
    i.main                                   0x08003724   Section        0  main.o(i.main)
    i.print_info                             0x0800376c   Section        0  rfid_rc522.o(i.print_info)
    i.read_card                              0x08003798   Section        0  rfid_rc522.o(i.read_card)
    i.read_card_data                         0x080038b0   Section        0  rfid_rc522.o(i.read_card_data)
    .data                                    0x20000000   Section       20  system_stm32f10x.o(.data)
    .data                                    0x20000014   Section        4  cpu.o(.data)
    .data                                    0x20000018   Section        4  hal_timer.o(.data)
    .data                                    0x2000001c   Section       17  hal_usart.o(.data)
    Lenght                                   0x2000002c   Data           1  hal_usart.o(.data)
    .data                                    0x20000030   Section       34  hal_motor.o(.data)
    .data                                    0x20000052   Section        8  rfid_rc522.o(.data)
    .data                                    0x2000005a   Section       20  stm32f10x_rcc.o(.data)
    APBAHBPrescTable                         0x2000005a   Data          16  stm32f10x_rcc.o(.data)
    ADCPrescTable                            0x2000006a   Data           4  stm32f10x_rcc.o(.data)
    .data                                    0x20000070   Section        4  os_system.o(.data)
    .data                                    0x20000074   Section        4  stdout.o(.data)
    .bss                                     0x20000078   Section       24  hal_timer.o(.bss)
    .bss                                     0x20000090   Section      792  hal_usart.o(.bss)
    .bss                                     0x200003a8   Section       60  os_system.o(.bss)
    STACK                                    0x200003e8   Section     1024  startup_stm32f10x_md.o(STACK)

    Global Symbols

    Symbol Name                              Value     Ov Type        Size  Object(Section)

    BuildAttributes$$THM_ISAv4$P$D$K$B$S$PE$A:L22UL41UL21$X:L11$S22US41US21$IEEE1$IW$USESV6$~STKCKD$USESV7$~SHL$OSPACE$ROPI$EBA8$MICROLIB$REQ8$PRES8$EABIv2 0x00000000   Number         0  anon$$obj.o ABSOLUTE
    __ARM_use_no_argv                        0x00000000   Number         0  main.o ABSOLUTE
    _printf_a                                0x00000000   Number         0  stubs.o ABSOLUTE
    _printf_c                                0x00000000   Number         0  stubs.o ABSOLUTE
    _printf_charcount                        0x00000000   Number         0  stubs.o ABSOLUTE
    _printf_d                                0x00000000   Number         0  stubs.o ABSOLUTE
    _printf_e                                0x00000000   Number         0  stubs.o ABSOLUTE
    _printf_f                                0x00000000   Number         0  stubs.o ABSOLUTE
    _printf_flags                            0x00000000   Number         0  stubs.o ABSOLUTE
    _printf_fp_dec                           0x00000000   Number         0  stubs.o ABSOLUTE
    _printf_fp_hex                           0x00000000   Number         0  stubs.o ABSOLUTE
    _printf_g                                0x00000000   Number         0  stubs.o ABSOLUTE
    _printf_i                                0x00000000   Number         0  stubs.o ABSOLUTE
    _printf_int_dec                          0x00000000   Number         0  stubs.o ABSOLUTE
    _printf_l                                0x00000000   Number         0  stubs.o ABSOLUTE
    _printf_lc                               0x00000000   Number         0  stubs.o ABSOLUTE
    _printf_ll                               0x00000000   Number         0  stubs.o ABSOLUTE
    _printf_lld                              0x00000000   Number         0  stubs.o ABSOLUTE
    _printf_lli                              0x00000000   Number         0  stubs.o ABSOLUTE
    _printf_llo                              0x00000000   Number         0  stubs.o ABSOLUTE
    _printf_llu                              0x00000000   Number         0  stubs.o ABSOLUTE
    _printf_llx                              0x00000000   Number         0  stubs.o ABSOLUTE
    _printf_longlong_dec                     0x00000000   Number         0  stubs.o ABSOLUTE
    _printf_longlong_hex                     0x00000000   Number         0  stubs.o ABSOLUTE
    _printf_longlong_oct                     0x00000000   Number         0  stubs.o ABSOLUTE
    _printf_ls                               0x00000000   Number         0  stubs.o ABSOLUTE
    _printf_mbtowc                           0x00000000   Number         0  stubs.o ABSOLUTE
    _printf_n                                0x00000000   Number         0  stubs.o ABSOLUTE
    _printf_o                                0x00000000   Number         0  stubs.o ABSOLUTE
    _printf_p                                0x00000000   Number         0  stubs.o ABSOLUTE
    _printf_percent                          0x00000000   Number         0  stubs.o ABSOLUTE
    _printf_pre_padding                      0x00000000   Number         0  stubs.o ABSOLUTE
    _printf_return_value                     0x00000000   Number         0  stubs.o ABSOLUTE
    _printf_s                                0x00000000   Number         0  stubs.o ABSOLUTE
    _printf_sizespec                         0x00000000   Number         0  stubs.o ABSOLUTE
    _printf_str                              0x00000000   Number         0  stubs.o ABSOLUTE
    _printf_truncate_signed                  0x00000000   Number         0  stubs.o ABSOLUTE
    _printf_truncate_unsigned                0x00000000   Number         0  stubs.o ABSOLUTE
    _printf_u                                0x00000000   Number         0  stubs.o ABSOLUTE
    _printf_wc                               0x00000000   Number         0  stubs.o ABSOLUTE
    _printf_wctomb                           0x00000000   Number         0  stubs.o ABSOLUTE
    _printf_widthprec                        0x00000000   Number         0  stubs.o ABSOLUTE
    _printf_x                                0x00000000   Number         0  stubs.o ABSOLUTE
    __cpp_initialize__aeabi_                  - Undefined Weak Reference
    __cxa_finalize                            - Undefined Weak Reference
    __decompress                              - Undefined Weak Reference
    _clock_init                               - Undefined Weak Reference
    _microlib_exit                            - Undefined Weak Reference
    __Vectors_Size                           0x000000ec   Number         0  startup_stm32f10x_md.o ABSOLUTE
    __Vectors                                0x08000000   Data           4  startup_stm32f10x_md.o(RESET)
    __Vectors_End                            0x080000ec   Data           0  startup_stm32f10x_md.o(RESET)
    __main                                   0x080000ed   Thumb Code     0  entry.o(.ARM.Collect$$$$00000000)
    _main_stk                                0x080000ed   Thumb Code     0  entry2.o(.ARM.Collect$$$$00000001)
    _main_scatterload                        0x080000f1   Thumb Code     0  entry5.o(.ARM.Collect$$$$00000004)
    __main_after_scatterload                 0x080000f5   Thumb Code     0  entry5.o(.ARM.Collect$$$$00000004)
    _main_clock                              0x080000f5   Thumb Code     0  entry7b.o(.ARM.Collect$$$$00000008)
    _main_cpp_init                           0x080000f5   Thumb Code     0  entry8b.o(.ARM.Collect$$$$0000000A)
    _main_init                               0x080000f5   Thumb Code     0  entry9a.o(.ARM.Collect$$$$0000000B)
    __rt_final_cpp                           0x080000fd   Thumb Code     0  entry10a.o(.ARM.Collect$$$$0000000D)
    __rt_final_exit                          0x080000fd   Thumb Code     0  entry11a.o(.ARM.Collect$$$$0000000F)
    Reset_Handler                            0x08000101   Thumb Code     8  startup_stm32f10x_md.o(.text)
    ADC1_2_IRQHandler                        0x0800011b   Thumb Code     0  startup_stm32f10x_md.o(.text)
    CAN1_RX1_IRQHandler                      0x0800011b   Thumb Code     0  startup_stm32f10x_md.o(.text)
    CAN1_SCE_IRQHandler                      0x0800011b   Thumb Code     0  startup_stm32f10x_md.o(.text)
    DMA1_Channel1_IRQHandler                 0x0800011b   Thumb Code     0  startup_stm32f10x_md.o(.text)
    DMA1_Channel2_IRQHandler                 0x0800011b   Thumb Code     0  startup_stm32f10x_md.o(.text)
    DMA1_Channel3_IRQHandler                 0x0800011b   Thumb Code     0  startup_stm32f10x_md.o(.text)
    DMA1_Channel4_IRQHandler                 0x0800011b   Thumb Code     0  startup_stm32f10x_md.o(.text)
    DMA1_Channel5_IRQHandler                 0x0800011b   Thumb Code     0  startup_stm32f10x_md.o(.text)
    DMA1_Channel6_IRQHandler                 0x0800011b   Thumb Code     0  startup_stm32f10x_md.o(.text)
    EXTI0_IRQHandler                         0x0800011b   Thumb Code     0  startup_stm32f10x_md.o(.text)
    EXTI15_10_IRQHandler                     0x0800011b   Thumb Code     0  startup_stm32f10x_md.o(.text)
    EXTI1_IRQHandler                         0x0800011b   Thumb Code     0  startup_stm32f10x_md.o(.text)
    EXTI2_IRQHandler                         0x0800011b   Thumb Code     0  startup_stm32f10x_md.o(.text)
    EXTI3_IRQHandler                         0x0800011b   Thumb Code     0  startup_stm32f10x_md.o(.text)
    EXTI4_IRQHandler                         0x0800011b   Thumb Code     0  startup_stm32f10x_md.o(.text)
    EXTI9_5_IRQHandler                       0x0800011b   Thumb Code     0  startup_stm32f10x_md.o(.text)
    FLASH_IRQHandler                         0x0800011b   Thumb Code     0  startup_stm32f10x_md.o(.text)
    I2C1_ER_IRQHandler                       0x0800011b   Thumb Code     0  startup_stm32f10x_md.o(.text)
    I2C1_EV_IRQHandler                       0x0800011b   Thumb Code     0  startup_stm32f10x_md.o(.text)
    I2C2_ER_IRQHandler                       0x0800011b   Thumb Code     0  startup_stm32f10x_md.o(.text)
    I2C2_EV_IRQHandler                       0x0800011b   Thumb Code     0  startup_stm32f10x_md.o(.text)
    PVD_IRQHandler                           0x0800011b   Thumb Code     0  startup_stm32f10x_md.o(.text)
    RCC_IRQHandler                           0x0800011b   Thumb Code     0  startup_stm32f10x_md.o(.text)
    RTCAlarm_IRQHandler                      0x0800011b   Thumb Code     0  startup_stm32f10x_md.o(.text)
    RTC_IRQHandler                           0x0800011b   Thumb Code     0  startup_stm32f10x_md.o(.text)
    SPI1_IRQHandler                          0x0800011b   Thumb Code     0  startup_stm32f10x_md.o(.text)
    SPI2_IRQHandler                          0x0800011b   Thumb Code     0  startup_stm32f10x_md.o(.text)
    TAMPER_IRQHandler                        0x0800011b   Thumb Code     0  startup_stm32f10x_md.o(.text)
    TIM1_BRK_IRQHandler                      0x0800011b   Thumb Code     0  startup_stm32f10x_md.o(.text)
    TIM1_CC_IRQHandler                       0x0800011b   Thumb Code     0  startup_stm32f10x_md.o(.text)
    TIM1_TRG_COM_IRQHandler                  0x0800011b   Thumb Code     0  startup_stm32f10x_md.o(.text)
    TIM1_UP_IRQHandler                       0x0800011b   Thumb Code     0  startup_stm32f10x_md.o(.text)
    TIM2_IRQHandler                          0x0800011b   Thumb Code     0  startup_stm32f10x_md.o(.text)
    USART3_IRQHandler                        0x0800011b   Thumb Code     0  startup_stm32f10x_md.o(.text)
    USBWakeUp_IRQHandler                     0x0800011b   Thumb Code     0  startup_stm32f10x_md.o(.text)
    USB_HP_CAN1_TX_IRQHandler                0x0800011b   Thumb Code     0  startup_stm32f10x_md.o(.text)
    USB_LP_CAN1_RX0_IRQHandler               0x0800011b   Thumb Code     0  startup_stm32f10x_md.o(.text)
    WWDG_IRQHandler                          0x0800011b   Thumb Code     0  startup_stm32f10x_md.o(.text)
    __aeabi_dmul                             0x08000125   Thumb Code   228  dmul.o(.text)
    __aeabi_ui2d                             0x08000209   Thumb Code    26  dfltui.o(.text)
    __aeabi_d2uiz                            0x08000223   Thumb Code    50  dfixui.o(.text)
    __aeabi_uidiv                            0x08000255   Thumb Code     0  uidiv.o(.text)
    __aeabi_uidivmod                         0x08000255   Thumb Code    44  uidiv.o(.text)
    __aeabi_uldivmod                         0x08000281   Thumb Code    98  uldiv.o(.text)
    __aeabi_llsr                             0x080002e3   Thumb Code    32  llushr.o(.text)
    _ll_ushift_r                             0x080002e3   Thumb Code     0  llushr.o(.text)
    __I$use$fp                               0x08000303   Thumb Code     0  iusefp.o(.text)
    _double_round                            0x08000303   Thumb Code    30  depilogue.o(.text)
    _double_epilogue                         0x08000321   Thumb Code   156  depilogue.o(.text)
    __aeabi_dadd                             0x080003bd   Thumb Code   322  dadd.o(.text)
    __aeabi_dsub                             0x080004ff   Thumb Code     6  dadd.o(.text)
    __aeabi_drsub                            0x08000505   Thumb Code     6  dadd.o(.text)
    __aeabi_ddiv                             0x0800050b   Thumb Code   222  ddiv.o(.text)
    __aeabi_d2ulz                            0x080005e9   Thumb Code    48  dfixul.o(.text)
    __aeabi_cdrcmple                         0x08000619   Thumb Code    48  cdrcmple.o(.text)
    __scatterload                            0x08000649   Thumb Code    28  init.o(.text)
    __scatterload_rt2                        0x08000649   Thumb Code     0  init.o(.text)
    __aeabi_llsl                             0x0800066d   Thumb Code    30  llshl.o(.text)
    _ll_shift_l                              0x0800066d   Thumb Code     0  llshl.o(.text)
    __aeabi_lasr                             0x0800068b   Thumb Code    36  llsshr.o(.text)
    _ll_sshift_r                             0x0800068b   Thumb Code     0  llsshr.o(.text)
    BusFault_Handler                         0x080006af   Thumb Code     4  stm32f10x_it.o(i.BusFault_Handler)
    DMA1_Channel7_IRQHandler                 0x080006b3   Thumb Code    22  stm32f10x_it.o(i.DMA1_Channel7_IRQHandler)
    DMA_ClearITPendingBit                    0x080006c9   Thumb Code    18  stm32f10x_dma.o(i.DMA_ClearITPendingBit)
    DMA_GetITStatus                          0x080006e5   Thumb Code    36  stm32f10x_dma.o(i.DMA_GetITStatus)
    DebugMon_Handler                         0x08000711   Thumb Code     2  stm32f10x_it.o(i.DebugMon_Handler)
    GPIO_Init                                0x08000713   Thumb Code   278  stm32f10x_gpio.o(i.GPIO_Init)
    GPIO_PinRemapConfig                      0x08000829   Thumb Code   138  stm32f10x_gpio.o(i.GPIO_PinRemapConfig)
    GPIO_ReadInputDataBit                    0x080008b9   Thumb Code    18  stm32f10x_gpio.o(i.GPIO_ReadInputDataBit)
    GPIO_ResetBits                           0x080008cb   Thumb Code     4  stm32f10x_gpio.o(i.GPIO_ResetBits)
    GPIO_SetBits                             0x080008cf   Thumb Code     4  stm32f10x_gpio.o(i.GPIO_SetBits)
    Get_SX                                   0x080008d5   Thumb Code    60  hal_motor.o(i.Get_SX)
    Get_TSX                                  0x08000925   Thumb Code    60  hal_motor.o(i.Get_TSX)
    HardFault_Handler                        0x08000a39   Thumb Code     4  stm32f10x_it.o(i.HardFault_Handler)
    L_Motor_Stop                             0x08000a3d   Thumb Code    38  hal_motor.o(i.L_Motor_Stop)
    M500PcdConfigISOType                     0x08000a6d   Thumb Code    94  rfid_rc522.o(i.M500PcdConfigISOType)
    MemManage_Handler                        0x08000acb   Thumb Code     4  stm32f10x_it.o(i.MemManage_Handler)
    Motor_Drive1                             0x08000b45   Thumb Code   368  hal_motor.o(i.Motor_Drive1)
    Motor_Drive3                             0x08000cbd   Thumb Code   360  hal_motor.o(i.Motor_Drive3)
    Motor_Drive4                             0x08000e2d   Thumb Code   368  hal_motor.o(i.Motor_Drive4)
    NMI_Handler                              0x08000fa5   Thumb Code     2  stm32f10x_it.o(i.NMI_Handler)
    NVIC_Init                                0x08000fa9   Thumb Code   100  misc.o(i.NVIC_Init)
    NVIC_PriorityGroupConfig                 0x08001019   Thumb Code    10  misc.o(i.NVIC_PriorityGroupConfig)
    OS_CPUInterruptCBSRegister               0x0800102d   Thumb Code    12  os_system.o(i.OS_CPUInterruptCBSRegister)
    OS_ClockInterruptHandle                  0x0800103d   Thumb Code   100  os_system.o(i.OS_ClockInterruptHandle)
    OS_Start                                 0x080010a5   Thumb Code    60  os_system.o(i.OS_Start)
    OS_TaskInit                              0x080010e5   Thumb Code    56  os_system.o(i.OS_TaskInit)
    PendSV_Handler                           0x08001121   Thumb Code     2  stm32f10x_it.o(i.PendSV_Handler)
    RC522_CalulateCRC                        0x08001123   Thumb Code   108  rfid_rc522.o(i.RC522_CalulateCRC)
    RC522_ClearBitMask                       0x0800118f   Thumb Code    28  rfid_rc522.o(i.RC522_ClearBitMask)
    RC522_Delay                              0x080011ab   Thumb Code    18  rfid_rc522.o(i.RC522_Delay)
    RC522_IO_Init                            0x080011bd   Thumb Code    90  rfid_rc522.o(i.RC522_IO_Init)
    RC522_Init                               0x08001221   Thumb Code    32  rfid_rc522.o(i.RC522_Init)
    RC522_PcdAntennaOff                      0x08001241   Thumb Code    12  rfid_rc522.o(i.RC522_PcdAntennaOff)
    RC522_PcdAntennaOn                       0x0800124d   Thumb Code    26  rfid_rc522.o(i.RC522_PcdAntennaOn)
    RC522_PcdAnticoll                        0x08001267   Thumb Code   112  rfid_rc522.o(i.RC522_PcdAnticoll)
    RC522_PcdAuthState                       0x080012d7   Thumb Code    86  rfid_rc522.o(i.RC522_PcdAuthState)
    RC522_PcdComMF522                        0x0800132d   Thumb Code   318  rfid_rc522.o(i.RC522_PcdComMF522)
    RC522_PcdRead                            0x0800146b   Thumb Code    86  rfid_rc522.o(i.RC522_PcdRead)
    RC522_PcdRequest                         0x080014c1   Thumb Code    86  rfid_rc522.o(i.RC522_PcdRequest)
    RC522_PcdReset                           0x08001519   Thumb Code   114  rfid_rc522.o(i.RC522_PcdReset)
    RC522_PcdSelect                          0x08001595   Thumb Code   116  rfid_rc522.o(i.RC522_PcdSelect)
    RC522_ReadRawRC                          0x08001609   Thumb Code    48  rfid_rc522.o(i.RC522_ReadRawRC)
    RC522_SPI_ReadWriteOneByte               0x08001641   Thumb Code    76  rfid_rc522.o(i.RC522_SPI_ReadWriteOneByte)
    RC522_SetBitMask                         0x08001695   Thumb Code    28  rfid_rc522.o(i.RC522_SetBitMask)
    RC522_WriteRawRC                         0x080016b1   Thumb Code    40  rfid_rc522.o(i.RC522_WriteRawRC)
    RCC_APB1PeriphClockCmd                   0x080016e1   Thumb Code    26  stm32f10x_rcc.o(i.RCC_APB1PeriphClockCmd)
    RCC_APB1PeriphResetCmd                   0x08001701   Thumb Code    26  stm32f10x_rcc.o(i.RCC_APB1PeriphResetCmd)
    RCC_APB2PeriphClockCmd                   0x08001721   Thumb Code    26  stm32f10x_rcc.o(i.RCC_APB2PeriphClockCmd)
    RCC_APB2PeriphResetCmd                   0x08001741   Thumb Code    26  stm32f10x_rcc.o(i.RCC_APB2PeriphResetCmd)
    RCC_GetClocksFreq                        0x08001761   Thumb Code   192  stm32f10x_rcc.o(i.RCC_GetClocksFreq)
    R_Motor_Stop                             0x08001835   Thumb Code    40  hal_motor.o(i.R_Motor_Stop)
    Read165                                  0x08001861   Thumb Code    86  hal_motor.o(i.Read165)
    SVC_Handler                              0x080018c1   Thumb Code     2  stm32f10x_it.o(i.SVC_Handler)
    S_QueueDataIn                            0x08001919   Thumb Code   120  os_system.o(i.S_QueueDataIn)
    S_QueueDataLen                           0x08001995   Thumb Code    46  os_system.o(i.S_QueueDataLen)
    S_QueueDataOut                           0x080019c5   Thumb Code    98  os_system.o(i.S_QueueDataOut)
    S_QueueEmpty                             0x08001a2d   Thumb Code     6  os_system.o(i.S_QueueEmpty)
    SysDelay1ms                              0x08001b1d   Thumb Code    16  cpu.o(i.SysDelay1ms)
    SysTick_Handler                          0x08001b31   Thumb Code    24  cpu.o(i.SysTick_Handler)
    SystemInit                               0x08001b4d   Thumb Code    78  system_stm32f10x.o(i.SystemInit)
    TIM3_IRQHandler                          0x08001bad   Thumb Code    42  hal_timer.o(i.TIM3_IRQHandler)
    TIM4_IRQHandler                          0x08001be1   Thumb Code    12  stm32f10x_it.o(i.TIM4_IRQHandler)
    TIM_ClearFlag                            0x08001bf1   Thumb Code     6  stm32f10x_tim.o(i.TIM_ClearFlag)
    TIM_Cmd                                  0x08001bf7   Thumb Code    24  stm32f10x_tim.o(i.TIM_Cmd)
    TIM_DeInit                               0x08001c11   Thumb Code   424  stm32f10x_tim.o(i.TIM_DeInit)
    TIM_GetITStatus                          0x08001df9   Thumb Code    34  stm32f10x_tim.o(i.TIM_GetITStatus)
    TIM_ITConfig                             0x08001e1b   Thumb Code    18  stm32f10x_tim.o(i.TIM_ITConfig)
    TIM_TimeBaseInit                         0x08001e2d   Thumb Code   122  stm32f10x_tim.o(i.TIM_TimeBaseInit)
    USART1_IRQHandler                        0x08001ed1   Thumb Code     2  stm32f10x_it.o(i.USART1_IRQHandler)
    USART2_IRQHandler                        0x08001ed5   Thumb Code   122  hal_usart.o(i.USART2_IRQHandler)
    USART_ClearITPendingBit                  0x08001f5d   Thumb Code    30  stm32f10x_usart.o(i.USART_ClearITPendingBit)
    USART_Cmd                                0x08001f7b   Thumb Code    24  stm32f10x_usart.o(i.USART_Cmd)
    USART_GetFlagStatus                      0x08001f93   Thumb Code    26  stm32f10x_usart.o(i.USART_GetFlagStatus)
    USART_GetITStatus                        0x08001fad   Thumb Code    84  stm32f10x_usart.o(i.USART_GetITStatus)
    USART_ITConfig                           0x08002001   Thumb Code    74  stm32f10x_usart.o(i.USART_ITConfig)
    USART_Init                               0x0800204d   Thumb Code   210  stm32f10x_usart.o(i.USART_Init)
    USART_ReceiveData                        0x08002125   Thumb Code    10  stm32f10x_usart.o(i.USART_ReceiveData)
    USART_SendData                           0x0800212f   Thumb Code     8  stm32f10x_usart.o(i.USART_SendData)
    UsageFault_Handler                       0x08002137   Thumb Code     4  stm32f10x_it.o(i.UsageFault_Handler)
    __0printf                                0x0800213d   Thumb Code    22  printfa.o(i.__0printf)
    __1printf                                0x0800213d   Thumb Code     0  printfa.o(i.__0printf)
    __2printf                                0x0800213d   Thumb Code     0  printfa.o(i.__0printf)
    __c89printf                              0x0800213d   Thumb Code     0  printfa.o(i.__0printf)
    printf                                   0x0800213d   Thumb Code     0  printfa.o(i.__0printf)
    __scatterload_copy                       0x0800215d   Thumb Code    14  handlers.o(i.__scatterload_copy)
    __scatterload_null                       0x0800216b   Thumb Code     2  handlers.o(i.__scatterload_null)
    __scatterload_zeroinit                   0x0800216d   Thumb Code    14  handlers.o(i.__scatterload_zeroinit)
    fputc                                    0x08002a11   Thumb Code    32  hal_usart.o(i.fputc)
    hal_Avoiding_Proc                        0x08002a35   Thumb Code  1546  hal_motor.o(i.hal_Avoiding_Proc)
    hal_CPUInit                              0x0800307d   Thumb Code    14  cpu.o(i.hal_CPUInit)
    hal_CPU_Critical_Control                 0x08003091   Thumb Code    34  cpu.o(i.hal_CPU_Critical_Control)
    hal_IdentifyProc                         0x08003115   Thumb Code    62  hal_motor.o(i.hal_IdentifyProc)
    hal_LedContorl                           0x08003215   Thumb Code    24  hal_led.o(i.hal_LedContorl)
    hal_LedInit                              0x0800322d   Thumb Code    24  hal_led.o(i.hal_LedInit)
    hal_MotorInit                            0x08003245   Thumb Code    16  hal_motor.o(i.hal_MotorInit)
    hal_MotorProc                            0x08003255   Thumb Code   152  hal_motor.o(i.hal_MotorProc)
    hal_RC522Proc                            0x08003311   Thumb Code   102  rfid_rc522.o(i.hal_RC522Proc)
    hal_Tracking_Proc                        0x08003391   Thumb Code   394  hal_motor.o(i.hal_Tracking_Proc)
    hal_UsartInit                            0x08003535   Thumb Code    38  hal_usart.o(i.hal_UsartInit)
    hal_Usart_SendByte                       0x0800356d   Thumb Code    14  hal_usart.o(i.hal_Usart_SendByte)
    hal_timerInit                            0x08003629   Thumb Code    62  hal_timer.o(i.hal_timerInit)
    main                                     0x08003725   Thumb Code    60  main.o(i.main)
    print_info                               0x0800376d   Thumb Code    32  rfid_rc522.o(i.print_info)
    read_card                                0x08003799   Thumb Code   214  rfid_rc522.o(i.read_card)
    read_card_data                           0x080038b1   Thumb Code    62  rfid_rc522.o(i.read_card_data)
    Region$$Table$$Base                      0x080038fc   Number         0  anon$$obj.o(Region$$Table)
    Region$$Table$$Limit                     0x0800391c   Number         0  anon$$obj.o(Region$$Table)
    SystemCoreClock                          0x20000000   Data           4  system_stm32f10x.o(.data)
    AHBPrescTable                            0x20000004   Data          16  system_stm32f10x.o(.data)
    SysDelayTime                             0x20000014   Data           4  cpu.o(.data)
    TimingDelay                              0x20000018   Data           4  hal_timer.o(.data)
    RcvPos                                   0x2000001c   Data           1  hal_usart.o(.data)
    UsartEventCBS                            0x20000020   Data           4  hal_usart.o(.data)
    TxCounter                                0x20000024   Data           4  hal_usart.o(.data)
    TxDataSize                               0x20000028   Data           4  hal_usart.o(.data)
    S2_LastTime                              0x20000030   Data           1  hal_motor.o(.data)
    S3_LastTime                              0x20000031   Data           1  hal_motor.o(.data)
    S4_LastTime                              0x20000032   Data           1  hal_motor.o(.data)
    S5_LastTime                              0x20000033   Data           1  hal_motor.o(.data)
    S1                                       0x20000034   Data           1  hal_motor.o(.data)
    S2                                       0x20000035   Data           1  hal_motor.o(.data)
    S3                                       0x20000036   Data           1  hal_motor.o(.data)
    S4                                       0x20000037   Data           1  hal_motor.o(.data)
    S5                                       0x20000038   Data           1  hal_motor.o(.data)
    TS1                                      0x20000039   Data           1  hal_motor.o(.data)
    TS2                                      0x2000003a   Data           1  hal_motor.o(.data)
    TS3                                      0x2000003b   Data           1  hal_motor.o(.data)
    TS4                                      0x2000003c   Data           1  hal_motor.o(.data)
    TS5                                      0x2000003d   Data           1  hal_motor.o(.data)
    TS3_LastTime                             0x2000003e   Data           1  hal_motor.o(.data)
    TS4_LastTime                             0x2000003f   Data           1  hal_motor.o(.data)
    Tracking_Flag                            0x20000040   Data           1  hal_motor.o(.data)
    Avoiding_Flag                            0x20000041   Data           1  hal_motor.o(.data)
    Out_Track_Count                          0x20000044   Data           4  hal_motor.o(.data)
    S_sensorCount                            0x20000048   Data           4  hal_motor.o(.data)
    Body_Sensor_Flag                         0x2000004c   Data           1  hal_motor.o(.data)
    Body_Sensor                              0x2000004d   Data           1  hal_motor.o(.data)
    Avoiding_Step                            0x2000004e   Data           1  hal_motor.o(.data)
    Avoiding_Turning_count                   0x2000004f   Data           1  hal_motor.o(.data)
    Avoiding_Turning_LastTime                0x20000050   Data           1  hal_motor.o(.data)
    Arlm_Flag                                0x20000051   Data           1  hal_motor.o(.data)
    SN                                       0x20000052   Data           4  rfid_rc522.o(.data)
    SN_1                                     0x20000056   Data           4  rfid_rc522.o(.data)
    CPUInterrupptCtrlCBS                     0x20000070   Data           4  os_system.o(.data)
    __stdout                                 0x20000074   Data           4  stdout.o(.data)
    Stu_Timer                                0x20000078   Data          24  hal_timer.o(.bss)
    RxMsg                                    0x20000090   Data         268  hal_usart.o(.bss)
    TxMsg                                    0x2000019c   Data         268  hal_usart.o(.bss)
    RxDataBuff                               0x200002a8   Data         128  hal_usart.o(.bss)
    TxDataBuff                               0x20000328   Data         128  hal_usart.o(.bss)
    OS_Task                                  0x200003a8   Data          60  os_system.o(.bss)
    __initial_sp                             0x200007e8   Data           0  startup_stm32f10x_md.o(STACK)



==============================================================================

Memory Map of the image

  Image Entry point : 0x080000ed

  Load Region LR_IROM1 (Base: 0x08000000, Size: 0x00003994, Max: 0x00010000, ABSOLUTE)

    Execution Region ER_IROM1 (Exec base: 0x08000000, Load base: 0x08000000, Size: 0x0000391c, Max: 0x00010000, ABSOLUTE)

    Exec Addr    Load Addr    Size         Type   Attr      Idx    E Section Name        Object

    0x08000000   0x08000000   0x000000ec   Data   RO         3784    RESET               startup_stm32f10x_md.o
    0x080000ec   0x080000ec   0x00000000   Code   RO         3962  * .ARM.Collect$$$$00000000  mc_w.l(entry.o)
    0x080000ec   0x080000ec   0x00000004   Code   RO         4236    .ARM.Collect$$$$00000001  mc_w.l(entry2.o)
    0x080000f0   0x080000f0   0x00000004   Code   RO         4239    .ARM.Collect$$$$00000004  mc_w.l(entry5.o)
    0x080000f4   0x080000f4   0x00000000   Code   RO         4241    .ARM.Collect$$$$00000008  mc_w.l(entry7b.o)
    0x080000f4   0x080000f4   0x00000000   Code   RO         4243    .ARM.Collect$$$$0000000A  mc_w.l(entry8b.o)
    0x080000f4   0x080000f4   0x00000008   Code   RO         4244    .ARM.Collect$$$$0000000B  mc_w.l(entry9a.o)
    0x080000fc   0x080000fc   0x00000000   Code   RO         4246    .ARM.Collect$$$$0000000D  mc_w.l(entry10a.o)
    0x080000fc   0x080000fc   0x00000000   Code   RO         4248    .ARM.Collect$$$$0000000F  mc_w.l(entry11a.o)
    0x080000fc   0x080000fc   0x00000004   Code   RO         4237    .ARM.Collect$$$$00002712  mc_w.l(entry2.o)
    0x08000100   0x08000100   0x00000024   Code   RO         3785    .text               startup_stm32f10x_md.o
    0x08000124   0x08000124   0x000000e4   Code   RO         4228    .text               mf_w.l(dmul.o)
    0x08000208   0x08000208   0x0000001a   Code   RO         4230    .text               mf_w.l(dfltui.o)
    0x08000222   0x08000222   0x00000032   Code   RO         4232    .text               mf_w.l(dfixui.o)
    0x08000254   0x08000254   0x0000002c   Code   RO         4251    .text               mc_w.l(uidiv.o)
    0x08000280   0x08000280   0x00000062   Code   RO         4253    .text               mc_w.l(uldiv.o)
    0x080002e2   0x080002e2   0x00000020   Code   RO         4255    .text               mc_w.l(llushr.o)
    0x08000302   0x08000302   0x00000000   Code   RO         4257    .text               mc_w.l(iusefp.o)
    0x08000302   0x08000302   0x000000ba   Code   RO         4258    .text               mf_w.l(depilogue.o)
    0x080003bc   0x080003bc   0x0000014e   Code   RO         4260    .text               mf_w.l(dadd.o)
    0x0800050a   0x0800050a   0x000000de   Code   RO         4262    .text               mf_w.l(ddiv.o)
    0x080005e8   0x080005e8   0x00000030   Code   RO         4264    .text               mf_w.l(dfixul.o)
    0x08000618   0x08000618   0x00000030   Code   RO         4266    .text               mf_w.l(cdrcmple.o)
    0x08000648   0x08000648   0x00000024   Code   RO         4268    .text               mc_w.l(init.o)
    0x0800066c   0x0800066c   0x0000001e   Code   RO         4270    .text               mc_w.l(llshl.o)
    0x0800068a   0x0800068a   0x00000024   Code   RO         4272    .text               mc_w.l(llsshr.o)
    0x080006ae   0x080006ae   0x00000004   Code   RO           96    i.BusFault_Handler  stm32f10x_it.o
    0x080006b2   0x080006b2   0x00000016   Code   RO           97    i.DMA1_Channel7_IRQHandler  stm32f10x_it.o
    0x080006c8   0x080006c8   0x0000001c   Code   RO         1523    i.DMA_ClearITPendingBit  stm32f10x_dma.o
    0x080006e4   0x080006e4   0x0000002c   Code   RO         1528    i.DMA_GetITStatus   stm32f10x_dma.o
    0x08000710   0x08000710   0x00000002   Code   RO           98    i.DebugMon_Handler  stm32f10x_it.o
    0x08000712   0x08000712   0x00000116   Code   RO         1957    i.GPIO_Init         stm32f10x_gpio.o
    0x08000828   0x08000828   0x00000090   Code   RO         1959    i.GPIO_PinRemapConfig  stm32f10x_gpio.o
    0x080008b8   0x080008b8   0x00000012   Code   RO         1961    i.GPIO_ReadInputDataBit  stm32f10x_gpio.o
    0x080008ca   0x080008ca   0x00000004   Code   RO         1964    i.GPIO_ResetBits    stm32f10x_gpio.o
    0x080008ce   0x080008ce   0x00000004   Code   RO         1965    i.GPIO_SetBits      stm32f10x_gpio.o
    0x080008d2   0x080008d2   0x00000002   PAD
    0x080008d4   0x080008d4   0x00000050   Code   RO          502    i.Get_SX            hal_motor.o
    0x08000924   0x08000924   0x00000050   Code   RO          503    i.Get_TSX           hal_motor.o
    0x08000974   0x08000974   0x00000038   Code   RO          504    i.HC_SR501_Config   hal_motor.o
    0x080009ac   0x080009ac   0x0000008c   Code   RO          377    i.Hal_TimerHandle   hal_timer.o
    0x08000a38   0x08000a38   0x00000004   Code   RO           99    i.HardFault_Handler  stm32f10x_it.o
    0x08000a3c   0x08000a3c   0x00000030   Code   RO          505    i.L_Motor_Stop      hal_motor.o
    0x08000a6c   0x08000a6c   0x0000005e   Code   RO          615    i.M500PcdConfigISOType  rfid_rc522.o
    0x08000aca   0x08000aca   0x00000004   Code   RO          100    i.MemManage_Handler  stm32f10x_it.o
    0x08000ace   0x08000ace   0x00000002   PAD
    0x08000ad0   0x08000ad0   0x00000074   Code   RO          506    i.Motor_Config      hal_motor.o
    0x08000b44   0x08000b44   0x00000178   Code   RO          508    i.Motor_Drive1      hal_motor.o
    0x08000cbc   0x08000cbc   0x00000170   Code   RO          509    i.Motor_Drive3      hal_motor.o
    0x08000e2c   0x08000e2c   0x00000178   Code   RO          510    i.Motor_Drive4      hal_motor.o
    0x08000fa4   0x08000fa4   0x00000002   Code   RO          101    i.NMI_Handler       stm32f10x_it.o
    0x08000fa6   0x08000fa6   0x00000002   PAD
    0x08000fa8   0x08000fa8   0x00000070   Code   RO          809    i.NVIC_Init         misc.o
    0x08001018   0x08001018   0x00000014   Code   RO          810    i.NVIC_PriorityGroupConfig  misc.o
    0x0800102c   0x0800102c   0x00000010   Code   RO         3789    i.OS_CPUInterruptCBSRegister  os_system.o
    0x0800103c   0x0800103c   0x00000068   Code   RO         3790    i.OS_ClockInterruptHandle  os_system.o
    0x080010a4   0x080010a4   0x00000040   Code   RO         3792    i.OS_Start          os_system.o
    0x080010e4   0x080010e4   0x0000003c   Code   RO         3794    i.OS_TaskInit       os_system.o
    0x08001120   0x08001120   0x00000002   Code   RO          102    i.PendSV_Handler    stm32f10x_it.o
    0x08001122   0x08001122   0x0000006c   Code   RO          616    i.RC522_CalulateCRC  rfid_rc522.o
    0x0800118e   0x0800118e   0x0000001c   Code   RO          617    i.RC522_ClearBitMask  rfid_rc522.o
    0x080011aa   0x080011aa   0x00000012   Code   RO          618    i.RC522_Delay       rfid_rc522.o
    0x080011bc   0x080011bc   0x00000064   Code   RO          619    i.RC522_IO_Init     rfid_rc522.o
    0x08001220   0x08001220   0x00000020   Code   RO          620    i.RC522_Init        rfid_rc522.o
    0x08001240   0x08001240   0x0000000c   Code   RO          622    i.RC522_PcdAntennaOff  rfid_rc522.o
    0x0800124c   0x0800124c   0x0000001a   Code   RO          623    i.RC522_PcdAntennaOn  rfid_rc522.o
    0x08001266   0x08001266   0x00000070   Code   RO          624    i.RC522_PcdAnticoll  rfid_rc522.o
    0x080012d6   0x080012d6   0x00000056   Code   RO          625    i.RC522_PcdAuthState  rfid_rc522.o
    0x0800132c   0x0800132c   0x0000013e   Code   RO          626    i.RC522_PcdComMF522  rfid_rc522.o
    0x0800146a   0x0800146a   0x00000056   Code   RO          628    i.RC522_PcdRead     rfid_rc522.o
    0x080014c0   0x080014c0   0x00000056   Code   RO          629    i.RC522_PcdRequest  rfid_rc522.o
    0x08001516   0x08001516   0x00000002   PAD
    0x08001518   0x08001518   0x0000007c   Code   RO          630    i.RC522_PcdReset    rfid_rc522.o
    0x08001594   0x08001594   0x00000074   Code   RO          631    i.RC522_PcdSelect   rfid_rc522.o
    0x08001608   0x08001608   0x00000038   Code   RO          633    i.RC522_ReadRawRC   rfid_rc522.o
    0x08001640   0x08001640   0x00000054   Code   RO          635    i.RC522_SPI_ReadWriteOneByte  rfid_rc522.o
    0x08001694   0x08001694   0x0000001c   Code   RO          636    i.RC522_SetBitMask  rfid_rc522.o
    0x080016b0   0x080016b0   0x00000030   Code   RO          637    i.RC522_WriteRawRC  rfid_rc522.o
    0x080016e0   0x080016e0   0x00000020   Code   RO         2373    i.RCC_APB1PeriphClockCmd  stm32f10x_rcc.o
    0x08001700   0x08001700   0x00000020   Code   RO         2374    i.RCC_APB1PeriphResetCmd  stm32f10x_rcc.o
    0x08001720   0x08001720   0x00000020   Code   RO         2375    i.RCC_APB2PeriphClockCmd  stm32f10x_rcc.o
    0x08001740   0x08001740   0x00000020   Code   RO         2376    i.RCC_APB2PeriphResetCmd  stm32f10x_rcc.o
    0x08001760   0x08001760   0x000000d4   Code   RO         2383    i.RCC_GetClocksFreq  stm32f10x_rcc.o
    0x08001834   0x08001834   0x0000002c   Code   RO          511    i.R_Motor_Stop      hal_motor.o
    0x08001860   0x08001860   0x00000060   Code   RO          512    i.Read165           hal_motor.o
    0x080018c0   0x080018c0   0x00000002   Code   RO          103    i.SVC_Handler       stm32f10x_it.o
    0x080018c2   0x080018c2   0x00000002   PAD
    0x080018c4   0x080018c4   0x00000054   Code   RO          513    i.S_165_Config      hal_motor.o
    0x08001918   0x08001918   0x0000007c   Code   RO         3796    i.S_QueueDataIn     os_system.o
    0x08001994   0x08001994   0x0000002e   Code   RO         3797    i.S_QueueDataLen    os_system.o
    0x080019c2   0x080019c2   0x00000002   PAD
    0x080019c4   0x080019c4   0x00000068   Code   RO         3798    i.S_QueueDataOut    os_system.o
    0x08001a2c   0x08001a2c   0x00000006   Code   RO         3799    i.S_QueueEmpty      os_system.o
    0x08001a32   0x08001a32   0x00000008   Code   RO          171    i.SetSysClock       system_stm32f10x.o
    0x08001a3a   0x08001a3a   0x00000002   PAD
    0x08001a3c   0x08001a3c   0x000000e0   Code   RO          172    i.SetSysClockTo72   system_stm32f10x.o
    0x08001b1c   0x08001b1c   0x00000014   Code   RO          222    i.SysDelay1ms       cpu.o
    0x08001b30   0x08001b30   0x0000001c   Code   RO          223    i.SysTick_Handler   cpu.o
    0x08001b4c   0x08001b4c   0x00000060   Code   RO          174    i.SystemInit        system_stm32f10x.o
    0x08001bac   0x08001bac   0x00000034   Code   RO          378    i.TIM3_IRQHandler   hal_timer.o
    0x08001be0   0x08001be0   0x00000010   Code   RO          104    i.TIM4_IRQHandler   stm32f10x_it.o
    0x08001bf0   0x08001bf0   0x00000006   Code   RO         3007    i.TIM_ClearFlag     stm32f10x_tim.o
    0x08001bf6   0x08001bf6   0x00000018   Code   RO         3013    i.TIM_Cmd           stm32f10x_tim.o
    0x08001c0e   0x08001c0e   0x00000002   PAD
    0x08001c10   0x08001c10   0x000001e8   Code   RO         3018    i.TIM_DeInit        stm32f10x_tim.o
    0x08001df8   0x08001df8   0x00000022   Code   RO         3034    i.TIM_GetITStatus   stm32f10x_tim.o
    0x08001e1a   0x08001e1a   0x00000012   Code   RO         3038    i.TIM_ITConfig      stm32f10x_tim.o
    0x08001e2c   0x08001e2c   0x000000a4   Code   RO         3084    i.TIM_TimeBaseInit  stm32f10x_tim.o
    0x08001ed0   0x08001ed0   0x00000002   Code   RO          105    i.USART1_IRQHandler  stm32f10x_it.o
    0x08001ed2   0x08001ed2   0x00000002   PAD
    0x08001ed4   0x08001ed4   0x00000088   Code   RO          438    i.USART2_IRQHandler  hal_usart.o
    0x08001f5c   0x08001f5c   0x0000001e   Code   RO         3546    i.USART_ClearITPendingBit  stm32f10x_usart.o
    0x08001f7a   0x08001f7a   0x00000018   Code   RO         3549    i.USART_Cmd         stm32f10x_usart.o
    0x08001f92   0x08001f92   0x0000001a   Code   RO         3552    i.USART_GetFlagStatus  stm32f10x_usart.o
    0x08001fac   0x08001fac   0x00000054   Code   RO         3553    i.USART_GetITStatus  stm32f10x_usart.o
    0x08002000   0x08002000   0x0000004a   Code   RO         3555    i.USART_ITConfig    stm32f10x_usart.o
    0x0800204a   0x0800204a   0x00000002   PAD
    0x0800204c   0x0800204c   0x000000d8   Code   RO         3556    i.USART_Init        stm32f10x_usart.o
    0x08002124   0x08002124   0x0000000a   Code   RO         3563    i.USART_ReceiveData  stm32f10x_usart.o
    0x0800212e   0x0800212e   0x00000008   Code   RO         3566    i.USART_SendData    stm32f10x_usart.o
    0x08002136   0x08002136   0x00000004   Code   RO          106    i.UsageFault_Handler  stm32f10x_it.o
    0x0800213a   0x0800213a   0x00000002   PAD
    0x0800213c   0x0800213c   0x00000020   Code   RO         4200    i.__0printf         mc_w.l(printfa.o)
    0x0800215c   0x0800215c   0x0000000e   Code   RO         4276    i.__scatterload_copy  mc_w.l(handlers.o)
    0x0800216a   0x0800216a   0x00000002   Code   RO         4277    i.__scatterload_null  mc_w.l(handlers.o)
    0x0800216c   0x0800216c   0x0000000e   Code   RO         4278    i.__scatterload_zeroinit  mc_w.l(handlers.o)
    0x0800217a   0x0800217a   0x00000002   PAD
    0x0800217c   0x0800217c   0x00000164   Code   RO         4207    i._fp_digits        mc_w.l(printfa.o)
    0x080022e0   0x080022e0   0x000006dc   Code   RO         4208    i._printf_core      mc_w.l(printfa.o)
    0x080029bc   0x080029bc   0x00000024   Code   RO         4209    i._printf_post_padding  mc_w.l(printfa.o)
    0x080029e0   0x080029e0   0x0000002e   Code   RO         4210    i._printf_pre_padding  mc_w.l(printfa.o)
    0x08002a0e   0x08002a0e   0x00000002   PAD
    0x08002a10   0x08002a10   0x00000024   Code   RO          439    i.fputc             hal_usart.o
    0x08002a34   0x08002a34   0x00000648   Code   RO          514    i.hal_Avoiding_Proc  hal_motor.o
    0x0800307c   0x0800307c   0x00000014   Code   RO          224    i.hal_CPUInit       cpu.o
    0x08003090   0x08003090   0x00000022   Code   RO          225    i.hal_CPU_Critical_Control  cpu.o
    0x080030b2   0x080030b2   0x00000002   PAD
    0x080030b4   0x080030b4   0x00000060   Code   RO          226    i.hal_CoreClockInit  cpu.o
    0x08003114   0x08003114   0x00000058   Code   RO          515    i.hal_IdentifyProc  hal_motor.o
    0x0800316c   0x0800316c   0x00000024   Code   RO          334    i.hal_Led1Drive     hal_led.o
    0x08003190   0x08003190   0x00000024   Code   RO          335    i.hal_Led2Drive     hal_led.o
    0x080031b4   0x080031b4   0x00000060   Code   RO          336    i.hal_LedConfig     hal_led.o
    0x08003214   0x08003214   0x00000018   Code   RO          337    i.hal_LedContorl    hal_led.o
    0x0800322c   0x0800322c   0x00000018   Code   RO          338    i.hal_LedInit       hal_led.o
    0x08003244   0x08003244   0x00000010   Code   RO          516    i.hal_MotorInit     hal_motor.o
    0x08003254   0x08003254   0x000000bc   Code   RO          517    i.hal_MotorProc     hal_motor.o
    0x08003310   0x08003310   0x00000080   Code   RO          639    i.hal_RC522Proc     rfid_rc522.o
    0x08003390   0x08003390   0x000001a4   Code   RO          518    i.hal_Tracking_Proc  hal_motor.o
    0x08003534   0x08003534   0x00000038   Code   RO          441    i.hal_UsartInit     hal_usart.o
    0x0800356c   0x0800356c   0x00000014   Code   RO          443    i.hal_Usart_SendByte  hal_usart.o
    0x08003580   0x08003580   0x00000014   Code   RO          519    i.hal_getHC_SR501_Sta  hal_motor.o
    0x08003594   0x08003594   0x00000010   Code   RO          227    i.hal_getprimask    cpu.o
    0x080035a4   0x080035a4   0x00000084   Code   RO          383    i.hal_timer3Config  hal_timer.o
    0x08003628   0x08003628   0x00000044   Code   RO          384    i.hal_timerInit     hal_timer.o
    0x0800366c   0x0800366c   0x000000b8   Code   RO          445    i.hal_usart_Config  hal_usart.o
    0x08003724   0x08003724   0x00000048   Code   RO            1    i.main              main.o
    0x0800376c   0x0800376c   0x0000002c   Code   RO          640    i.print_info        rfid_rc522.o
    0x08003798   0x08003798   0x00000118   Code   RO          641    i.read_card         rfid_rc522.o
    0x080038b0   0x080038b0   0x0000004c   Code   RO          642    i.read_card_data    rfid_rc522.o
    0x080038fc   0x080038fc   0x00000020   Data   RO         4274    Region$$Table       anon$$obj.o


    Execution Region RW_IRAM1 (Exec base: 0x20000000, Load base: 0x0800391c, Size: 0x000007e8, Max: 0x00005000, ABSOLUTE)

    Exec Addr    Load Addr    Size         Type   Attr      Idx    E Section Name        Object

    0x20000000   0x0800391c   0x00000014   Data   RW          175    .data               system_stm32f10x.o
    0x20000014   0x08003930   0x00000004   Data   RW          228    .data               cpu.o
    0x20000018   0x08003934   0x00000004   Data   RW          386    .data               hal_timer.o
    0x2000001c   0x08003938   0x00000011   Data   RW          447    .data               hal_usart.o
    0x2000002d   0x08003949   0x00000003   PAD
    0x20000030   0x0800394c   0x00000022   Data   RW          520    .data               hal_motor.o
    0x20000052   0x0800396e   0x00000008   Data   RW          644    .data               rfid_rc522.o
    0x2000005a   0x08003976   0x00000014   Data   RW         2403    .data               stm32f10x_rcc.o
    0x2000006e   0x0800398a   0x00000002   PAD
    0x20000070   0x0800398c   0x00000004   Data   RW         3801    .data               os_system.o
    0x20000074   0x08003990   0x00000004   Data   RW         4250    .data               mc_w.l(stdout.o)
    0x20000078        -       0x00000018   Zero   RW          385    .bss                hal_timer.o
    0x20000090        -       0x00000318   Zero   RW          446    .bss                hal_usart.o
    0x200003a8        -       0x0000003c   Zero   RW         3800    .bss                os_system.o
    0x200003e4   0x08003994   0x00000004   PAD
    0x200003e8        -       0x00000400   Zero   RW         3782    STACK               startup_stm32f10x_md.o


==============================================================================

Image component sizes


      Code (inc. data)   RO Data    RW Data    ZI Data      Debug   Object Name

         0          0          0          0          0         32   core_cm3.o
       214         26          0          4          0     221475   cpu.o
       216         20          0          0          0       2315   hal_led.o
      4064        322          0         34          0      11426   hal_motor.o
       392         32          0          4         24       2594   hal_timer.o
       432         50          0         17        792       5323   hal_usart.o
        72         12          0          0          0     254259   main.o
       132         22          0          0          0       1447   misc.o
       524         26          0          4         60       5276   os_system.o
      2090        162          0          8          0      14515   rfid_rc522.o
        36          8        236          0       1024        780   startup_stm32f10x_md.o
        72         18          0          0          0       1062   stm32f10x_dma.o
       448          6          0          0          0       4290   stm32f10x_gpio.o
        64          4          0          0          0       4641   stm32f10x_it.o
       340         44          0         20          0       5396   stm32f10x_rcc.o
       734        106          0          0          0       4115   stm32f10x_tim.o
       472          6          0          0          0       6495   stm32f10x_usart.o
       328         28          0         20          0       2093   system_stm32f10x.o

    ----------------------------------------------------------------------
     10654        892        268        116       1904     547534   Object Totals
         0          0         32          0          0          0   (incl. Generated)
        24          0          0          5          4          0   (incl. Padding)

    ----------------------------------------------------------------------

      Code (inc. data)   RO Data    RW Data    ZI Data      Debug   Library Member Name

         0          0          0          0          0          0   entry.o
         0          0          0          0          0          0   entry10a.o
         0          0          0          0          0          0   entry11a.o
         8          4          0          0          0          0   entry2.o
         4          0          0          0          0          0   entry5.o
         0          0          0          0          0          0   entry7b.o
         0          0          0          0          0          0   entry8b.o
         8          4          0          0          0          0   entry9a.o
        30          0          0          0          0          0   handlers.o
        36          8          0          0          0         68   init.o
         0          0          0          0          0          0   iusefp.o
        30          0          0          0          0         68   llshl.o
        36          0          0          0          0         68   llsshr.o
        32          0          0          0          0         68   llushr.o
      2226         90          0          0          0        444   printfa.o
         0          0          0          4          0          0   stdout.o
        44          0          0          0          0         80   uidiv.o
        98          0          0          0          0         92   uldiv.o
        48          0          0          0          0         68   cdrcmple.o
       334          0          0          0          0        148   dadd.o
       222          0          0          0          0        100   ddiv.o
       186          0          0          0          0        176   depilogue.o
        50          0          0          0          0         76   dfixui.o
        48          0          0          0          0         68   dfixul.o
        26          0          0          0          0         76   dfltui.o
       228          0          0          0          0         96   dmul.o

    ----------------------------------------------------------------------
      3698        106          0          4          0       1696   Library Totals
         4          0          0          0          0          0   (incl. Padding)

    ----------------------------------------------------------------------

      Code (inc. data)   RO Data    RW Data    ZI Data      Debug   Library Name

      2552        106          0          4          0        888   mc_w.l
      1142          0          0          0          0        808   mf_w.l

    ----------------------------------------------------------------------
      3698        106          0          4          0       1696   Library Totals

    ----------------------------------------------------------------------

==============================================================================


      Code (inc. data)   RO Data    RW Data    ZI Data      Debug   

     14352        998        268        120       1904     542882   Grand Totals
     14352        998        268        120       1904     542882   ELF Image Totals
     14352        998        268        120          0          0   ROM Totals

==============================================================================

    Total RO  Size (Code + RO Data)                14620 (  14.28kB)
    Total RW  Size (RW Data + ZI Data)              2024 (   1.98kB)
    Total ROM Size (Code + RO Data + RW Data)      14740 (  14.39kB)

==============================================================================

